/home/alix-deleule/Documents/CPE/5A/projet_majeur/en.X-CUBE-TOF1/Projects/NUCLEO-F401RE/Examples/CUSTOM/VL53L8CX_SimpleRanging/Src/app_tof.c:68:6:MX_TOF_Init	8	static
/home/alix-deleule/Documents/CPE/5A/projet_majeur/en.X-CUBE-TOF1/Projects/NUCLEO-F401RE/Examples/CUSTOM/VL53L8CX_SimpleRanging/Src/app_tof.c:90:6:MX_TOF_Process	8	static
/home/alix-deleule/Documents/CPE/5A/projet_majeur/en.X-CUBE-TOF1/Projects/NUCLEO-F401RE/Examples/CUSTOM/VL53L8CX_SimpleRanging/Src/app_tof.c:103:13:MX_VL53L8CX_SimpleRanging_Init	8	static
/home/alix-deleule/Documents/CPE/5A/projet_majeur/en.X-CUBE-TOF1/Projects/NUCLEO-F401RE/Examples/CUSTOM/VL53L8CX_SimpleRanging/Src/app_tof.c:190:13:MX_VL53L8CX_SimpleRanging_Process	16	static
/home/alix-deleule/Documents/CPE/5A/projet_majeur/en.X-CUBE-TOF1/Projects/NUCLEO-F401RE/Examples/CUSTOM/VL53L8CX_SimpleRanging/Src/app_tof.c:229:13:print_result	32	static
/home/alix-deleule/Documents/CPE/5A/projet_majeur/en.X-CUBE-TOF1/Projects/NUCLEO-F401RE/Examples/CUSTOM/VL53L8CX_SimpleRanging/Src/app_tof.c:261:13:toggle_resolution	8	static
/home/alix-deleule/Documents/CPE/5A/projet_majeur/en.X-CUBE-TOF1/Projects/NUCLEO-F401RE/Examples/CUSTOM/VL53L8CX_SimpleRanging/Src/app_tof.c:291:13:toggle_signal_and_ambient	8	static
/home/alix-deleule/Documents/CPE/5A/projet_majeur/en.X-CUBE-TOF1/Projects/NUCLEO-F401RE/Examples/CUSTOM/VL53L8CX_SimpleRanging/Src/app_tof.c:302:13:clear_screen	8	static
/home/alix-deleule/Documents/CPE/5A/projet_majeur/en.X-CUBE-TOF1/Projects/NUCLEO-F401RE/Examples/CUSTOM/VL53L8CX_SimpleRanging/Src/app_tof.c:308:13:display_commands_banner	8	static
/home/alix-deleule/Documents/CPE/5A/projet_majeur/en.X-CUBE-TOF1/Projects/NUCLEO-F401RE/Examples/CUSTOM/VL53L8CX_SimpleRanging/Src/app_tof.c:327:13:handle_cmd	16	static
/home/alix-deleule/Documents/CPE/5A/projet_majeur/en.X-CUBE-TOF1/Projects/NUCLEO-F401RE/Examples/CUSTOM/VL53L8CX_SimpleRanging/Src/app_tof.c:350:16:get_key	16	static
/home/alix-deleule/Documents/CPE/5A/projet_majeur/en.X-CUBE-TOF1/Projects/NUCLEO-F401RE/Examples/CUSTOM/VL53L8CX_SimpleRanging/Src/app_tof.c:359:17:com_has_data	4	static
