/home/alix-deleule/Documents/CPE/5A/projet_majeur/en.X-CUBE-TOF1/Projects/NUCLEO-F401RE/Examples/CUSTOM/VL53L8CX_SimpleRanging/Src/main.c:65:5:main	1
/home/alix-deleule/Documents/CPE/5A/projet_majeur/en.X-CUBE-TOF1/Projects/NUCLEO-F401RE/Examples/CUSTOM/VL53L8CX_SimpleRanging/Src/main.c:111:6:SystemClock_Config	3
/home/alix-deleule/Documents/CPE/5A/projet_majeur/en.X-CUBE-TOF1/Projects/NUCLEO-F401RE/Examples/CUSTOM/VL53L8CX_SimpleRanging/Src/main.c:158:13:MX_GPIO_Init	1
/home/alix-deleule/Documents/CPE/5A/projet_majeur/en.X-CUBE-TOF1/Projects/NUCLEO-F401RE/Examples/CUSTOM/VL53L8CX_SimpleRanging/Src/main.c:224:6:Error_Handler	1
