Archive member included to satisfy reference by file (symbol)

/opt/st/stm32cubeide_1.17.0/plugins/com.st.stm32cube.ide.mcu.externaltools.gnu-tools-for-stm32.12.3.rel1.linux64_1.1.0.202410170702/tools/bin/../lib/gcc/arm-none-eabi/12.3.1/../../../../arm-none-eabi/lib/thumb/v7e-m+fp/hard/libc_nano.a(libc_a-exit.o)
                              /opt/st/stm32cubeide_1.17.0/plugins/com.st.stm32cube.ide.mcu.externaltools.gnu-tools-for-stm32.12.3.rel1.linux64_1.1.0.202410170702/tools/bin/../lib/gcc/arm-none-eabi/12.3.1/../../../../arm-none-eabi/lib/thumb/v7e-m+fp/hard/crt0.o (exit)
/opt/st/stm32cubeide_1.17.0/plugins/com.st.stm32cube.ide.mcu.externaltools.gnu-tools-for-stm32.12.3.rel1.linux64_1.1.0.202410170702/tools/bin/../lib/gcc/arm-none-eabi/12.3.1/../../../../arm-none-eabi/lib/thumb/v7e-m+fp/hard/libc_nano.a(libc_a-findfp.o)
                              /opt/st/stm32cubeide_1.17.0/plugins/com.st.stm32cube.ide.mcu.externaltools.gnu-tools-for-stm32.12.3.rel1.linux64_1.1.0.202410170702/tools/bin/../lib/gcc/arm-none-eabi/12.3.1/../../../../arm-none-eabi/lib/thumb/v7e-m+fp/hard/libc_nano.a(libc_a-exit.o) (__stdio_exit_handler)
/opt/st/stm32cubeide_1.17.0/plugins/com.st.stm32cube.ide.mcu.externaltools.gnu-tools-for-stm32.12.3.rel1.linux64_1.1.0.202410170702/tools/bin/../lib/gcc/arm-none-eabi/12.3.1/../../../../arm-none-eabi/lib/thumb/v7e-m+fp/hard/libc_nano.a(libc_a-fwalk.o)
                              /opt/st/stm32cubeide_1.17.0/plugins/com.st.stm32cube.ide.mcu.externaltools.gnu-tools-for-stm32.12.3.rel1.linux64_1.1.0.202410170702/tools/bin/../lib/gcc/arm-none-eabi/12.3.1/../../../../arm-none-eabi/lib/thumb/v7e-m+fp/hard/libc_nano.a(libc_a-findfp.o) (_fwalk_sglue)
/opt/st/stm32cubeide_1.17.0/plugins/com.st.stm32cube.ide.mcu.externaltools.gnu-tools-for-stm32.12.3.rel1.linux64_1.1.0.202410170702/tools/bin/../lib/gcc/arm-none-eabi/12.3.1/../../../../arm-none-eabi/lib/thumb/v7e-m+fp/hard/libc_nano.a(libc_a-printf.o)
                              ./Application/User/app_tof.o (printf)
/opt/st/stm32cubeide_1.17.0/plugins/com.st.stm32cube.ide.mcu.externaltools.gnu-tools-for-stm32.12.3.rel1.linux64_1.1.0.202410170702/tools/bin/../lib/gcc/arm-none-eabi/12.3.1/../../../../arm-none-eabi/lib/thumb/v7e-m+fp/hard/libc_nano.a(libc_a-putchar.o)
                              ./Application/User/app_tof.o (putchar)
/opt/st/stm32cubeide_1.17.0/plugins/com.st.stm32cube.ide.mcu.externaltools.gnu-tools-for-stm32.12.3.rel1.linux64_1.1.0.202410170702/tools/bin/../lib/gcc/arm-none-eabi/12.3.1/../../../../arm-none-eabi/lib/thumb/v7e-m+fp/hard/libc_nano.a(libc_a-puts.o)
                              ./Application/User/app_tof.o (puts)
/opt/st/stm32cubeide_1.17.0/plugins/com.st.stm32cube.ide.mcu.externaltools.gnu-tools-for-stm32.12.3.rel1.linux64_1.1.0.202410170702/tools/bin/../lib/gcc/arm-none-eabi/12.3.1/../../../../arm-none-eabi/lib/thumb/v7e-m+fp/hard/libc_nano.a(libc_a-stdio.o)
                              /opt/st/stm32cubeide_1.17.0/plugins/com.st.stm32cube.ide.mcu.externaltools.gnu-tools-for-stm32.12.3.rel1.linux64_1.1.0.202410170702/tools/bin/../lib/gcc/arm-none-eabi/12.3.1/../../../../arm-none-eabi/lib/thumb/v7e-m+fp/hard/libc_nano.a(libc_a-findfp.o) (__sread)
/opt/st/stm32cubeide_1.17.0/plugins/com.st.stm32cube.ide.mcu.externaltools.gnu-tools-for-stm32.12.3.rel1.linux64_1.1.0.202410170702/tools/bin/../lib/gcc/arm-none-eabi/12.3.1/../../../../arm-none-eabi/lib/thumb/v7e-m+fp/hard/libc_nano.a(libc_a-wbuf.o)
                              /opt/st/stm32cubeide_1.17.0/plugins/com.st.stm32cube.ide.mcu.externaltools.gnu-tools-for-stm32.12.3.rel1.linux64_1.1.0.202410170702/tools/bin/../lib/gcc/arm-none-eabi/12.3.1/../../../../arm-none-eabi/lib/thumb/v7e-m+fp/hard/libc_nano.a(libc_a-puts.o) (__swbuf_r)
/opt/st/stm32cubeide_1.17.0/plugins/com.st.stm32cube.ide.mcu.externaltools.gnu-tools-for-stm32.12.3.rel1.linux64_1.1.0.202410170702/tools/bin/../lib/gcc/arm-none-eabi/12.3.1/../../../../arm-none-eabi/lib/thumb/v7e-m+fp/hard/libc_nano.a(libc_a-wsetup.o)
                              /opt/st/stm32cubeide_1.17.0/plugins/com.st.stm32cube.ide.mcu.externaltools.gnu-tools-for-stm32.12.3.rel1.linux64_1.1.0.202410170702/tools/bin/../lib/gcc/arm-none-eabi/12.3.1/../../../../arm-none-eabi/lib/thumb/v7e-m+fp/hard/libc_nano.a(libc_a-puts.o) (__swsetup_r)
/opt/st/stm32cubeide_1.17.0/plugins/com.st.stm32cube.ide.mcu.externaltools.gnu-tools-for-stm32.12.3.rel1.linux64_1.1.0.202410170702/tools/bin/../lib/gcc/arm-none-eabi/12.3.1/../../../../arm-none-eabi/lib/thumb/v7e-m+fp/hard/libc_nano.a(libc_a-memset.o)
                              /opt/st/stm32cubeide_1.17.0/plugins/com.st.stm32cube.ide.mcu.externaltools.gnu-tools-for-stm32.12.3.rel1.linux64_1.1.0.202410170702/tools/bin/../lib/gcc/arm-none-eabi/12.3.1/../../../../arm-none-eabi/lib/thumb/v7e-m+fp/hard/crt0.o (memset)
[...]
Memory Configuration

Name             Origin             Length             Attributes
RAM              0x20000000         0x00018000         xrw
FLASH            0x08000000         0x00080000         xr
*default*        0x00000000         0xffffffff

Linker script and memory map

LOAD /opt/st/stm32cubeide_1.17.0/plugins/com.st.stm32cube.ide.mcu.externaltools.gnu-tools-for-stm32.12.3.rel1.linux64_1.1.0.202410170702/tools/bin/../lib/gcc/arm-none-eabi/12.3.1/thumb/v7e-m+fp/hard/crti.o
LOAD /opt/st/stm32cubeide_1.17.0/plugins/com.st.stm32cube.ide.mcu.externaltools.gnu-tools-for-stm32.12.3.rel1.linux64_1.1.0.202410170702/tools/bin/../lib/gcc/arm-none-eabi/12.3.1/thumb/v7e-m+fp/hard/crtbegin.o
LOAD /opt/st/stm32cubeide_1.17.0/plugins/com.st.stm32cube.ide.mcu.externaltools.gnu-tools-for-stm32.12.3.rel1.linux64_1.1.0.202410170702/tools/bin/../lib/gcc/arm-none-eabi/12.3.1/../../../../arm-none-eabi/lib/thumb/v7e-m+fp/hard/crt0.o
LOAD ./Application/Startup/startup_stm32f401retx.o
LOAD ./Application/User/app_tof.o
LOAD ./Application/User/app_tof_pin_conf.o
LOAD ./Application/User/custom_ranging_sensor.o
LOAD ./Application/User/main.o
LOAD ./Application/User/stm32f4xx_hal_msp.o
LOAD ./Application/User/stm32f4xx_it.o
LOAD ./Application/User/stm32f4xx_nucleo.o
LOAD ./Application/User/stm32f4xx_nucleo_bus.o
LOAD ./Application/User/syscalls.o
LOAD ./Application/User/sysmem.o
LOAD ./Drivers/BSP/Components/platform.o
LOAD ./Drivers/BSP/Components/vl53l8cx.o
LOAD ./Drivers/BSP/Components/vl53l8cx_api.o
LOAD ./Drivers/BSP/Components/vl53l8cx_plugin_detection_thresholds.o
LOAD ./Drivers/BSP/Components/vl53l8cx_plugin_motion_indicator.o
LOAD ./Drivers/BSP/Components/vl53l8cx_plugin_xtalk.o
LOAD ./Drivers/CMSIS/system_stm32f4xx.o
LOAD ./Drivers/STM32F4xx_HAL_Driver/stm32f4xx_hal.o
LOAD ./Drivers/STM32F4xx_HAL_Driver/stm32f4xx_hal_cortex.o
LOAD ./Drivers/STM32F4xx_HAL_Driver/stm32f4xx_hal_dma.o
LOAD ./Drivers/STM32F4xx_HAL_Driver/stm32f4xx_hal_dma_ex.o
LOAD ./Drivers/STM32F4xx_HAL_Driver/stm32f4xx_hal_exti.o
LOAD ./Drivers/STM32F4xx_HAL_Driver/stm32f4xx_hal_flash.o
LOAD ./Drivers/STM32F4xx_HAL_Driver/stm32f4xx_hal_flash_ex.o
LOAD ./Drivers/STM32F4xx_HAL_Driver/stm32f4xx_hal_flash_ramfunc.o
LOAD ./Drivers/STM32F4xx_HAL_Driver/stm32f4xx_hal_gpio.o
LOAD ./Drivers/STM32F4xx_HAL_Driver/stm32f4xx_hal_i2c.o
LOAD ./Drivers/STM32F4xx_HAL_Driver/stm32f4xx_hal_i2c_ex.o
LOAD ./Drivers/STM32F4xx_HAL_Driver/stm32f4xx_hal_pwr.o
LOAD ./Drivers/STM32F4xx_HAL_Driver/stm32f4xx_hal_pwr_ex.o
LOAD ./Drivers/STM32F4xx_HAL_Driver/stm32f4xx_hal_rcc.o
LOAD ./Drivers/STM32F4xx_HAL_Driver/stm32f4xx_hal_rcc_ex.o
LOAD ./Drivers/STM32F4xx_HAL_Driver/stm32f4xx_hal_tim.o
LOAD ./Drivers/STM32F4xx_HAL_Driver/stm32f4xx_hal_tim_ex.o
LOAD ./Drivers/STM32F4xx_HAL_Driver/stm32f4xx_hal_uart.o
START GROUP
LOAD /opt/st/stm32cubeide_1.17.0/plugins/com.st.stm32cube.ide.mcu.externaltools.gnu-tools-for-stm32.12.3.rel1.linux64_1.1.0.202410170702/tools/bin/../lib/gcc/arm-none-eabi/12.3.1/../../../../arm-none-eabi/lib/thumb/v7e-m+fp/hard/libc_nano.a
LOAD /opt/st/stm32cubeide_1.17.0/plugins/com.st.stm32cube.ide.mcu.externaltools.gnu-tools-for-stm32.12.3.rel1.linux64_1.1.0.202410170702/tools/bin/../lib/gcc/arm-none-eabi/12.3.1/../../../../arm-none-eabi/lib/thumb/v7e-m+fp/hard/libm.a
END GROUP
START GROUP
LOAD /opt/st/stm32cubeide_1.17.0/plugins/com.st.stm32cube.ide.mcu.externaltools.gnu-tools-for-stm32.12.3.rel1.linux64_1.1.0.202410170702/tools/bin/../lib/gcc/arm-none-eabi/12.3.1/thumb/v7e-m+fp/hard/libgcc.a
LOAD /opt/st/stm32cubeide_1.17.0/plugins/com.st.stm32cube.ide.mcu.externaltools.gnu-tools-for-stm32.12.3.rel1.linux64_1.1.0.202410170702/tools/bin/../lib/gcc/arm-none-eabi/12.3.1/../../../../arm-none-eabi/lib/thumb/v7e-m+fp/hard/libc_nano.a
END GROUP
START GROUP
LOAD /opt/st/stm32cubeide_1.17.0/plugins/com.st.stm32cube.ide.mcu.externaltools.gnu-tools-for-stm32.12.3.rel1.linux64_1.1.0.202410170702/tools/bin/../lib/gcc/arm-none-eabi/12.3.1/thumb/v7e-m+fp/hard/libgcc.a
LOAD /opt/st/stm32cubeide_1.17.0/plugins/com.st.stm32cube.ide.mcu.externaltools.gnu-tools-for-stm32.12.3.rel1.linux64_1.1.0.202410170702/tools/bin/../lib/gcc/arm-none-eabi/12.3.1/../../../../arm-none-eabi/lib/thumb/v7e-m+fp/hard/libc_nano.a
LOAD /opt/st/stm32cubeide_1.17.0/plugins/com.st.stm32cube.ide.mcu.externaltools.gnu-tools-for-stm32.12.3.rel1.linux64_1.1.0.202410170702/tools/bin/../lib/gcc/arm-none-eabi/12.3.1/../../../../arm-none-eabi/lib/thumb/v7e-m+fp/hard/libnosys.a
END GROUP
START GROUP
LOAD /opt/st/stm32cubeide_1.17.0/plugins/com.st.stm32cube.ide.mcu.externaltools.gnu-tools-for-stm32.12.3.rel1.linux64_1.1.0.202410170702/tools/bin/../lib/gcc/arm-none-eabi/12.3.1/thumb/v7e-m+fp/hard/libgcc.a
LOAD /opt/st/stm32cubeide_1.17.0/plugins/com.st.stm32cube.ide.mcu.externaltools.gnu-tools-for-stm32.12.3.rel1.linux64_1.1.0.202410170702/tools/bin/../lib/gcc/arm-none-eabi/12.3.1/../../../../arm-none-eabi/lib/thumb/v7e-m+fp/hard/libc_nano.a
LOAD /opt/st/stm32cubeide_1.17.0/plugins/com.st.stm32cube.ide.mcu.externaltools.gnu-tools-for-stm32.12.3.rel1.linux64_1.1.0.202410170702/tools/bin/../lib/gcc/arm-none-eabi/12.3.1/../../../../arm-none-eabi/lib/thumb/v7e-m+fp/hard/libnosys.a
END GROUP
LOAD /opt/st/stm32cubeide_1.17.0/plugins/com.st.stm32cube.ide.mcu.externaltools.gnu-tools-for-stm32.12.3.rel1.linux64_1.1.0.202410170702/tools/bin/../lib/gcc/arm-none-eabi/12.3.1/thumb/v7e-m+fp/hard/crtend.o
LOAD /opt/st/stm32cubeide_1.17.0/plugins/com.st.stm32cube.ide.mcu.externaltools.gnu-tools-for-stm32.12.3.rel1.linux64_1.1.0.202410170702/tools/bin/../lib/gcc/arm-none-eabi/12.3.1/thumb/v7e-m+fp/hard/crtn.o
                0x20018000                        _estack = (ORIGIN (RAM) + LENGTH (RAM))
                0x00000200                        _Min_Heap_Size = 0x200
                0x00000800                        _Min_Stack_Size = 0x800

.isr_vector     0x08000000      0x194
                0x08000000                        . = ALIGN (0x4)
 *(.isr_vector)
 .isr_vector    0x08000000      0x194 ./Application/Startup/startup_stm32f401retx.o
                0x08000000                g_pfnVectors
                0x08000194                        . = ALIGN (0x4)

.text           0x080001a0     0x80d0
                0x080001a0                        . = ALIGN (0x4)
 *(.text)
 .text          0x080001a0       0x40 /opt/st/stm32cubeide_1.17.0/plugins/com.st.stm32cube.ide.mcu.externaltools.gnu-tools-for-stm32.12.3.rel1.linux64_1.1.0.202410170702/tools/bin/../lib/gcc/arm-none-eabi/12.3.1/thumb/v7e-m+fp/hard/crtbegin.o
 .text          0x080001e0       0xa0 /opt/st/stm32cubeide_1.17.0/plugins/com.st.stm32cube.ide.mcu.externaltools.gnu-tools-for-stm32.12.3.rel1.linux64_1.1.0.202410170702/tools/bin/../lib/gcc/arm-none-eabi/12.3.1/../../../../arm-none-eabi/lib/thumb/v7e-m+fp/hard/libc_nano.a(libc_a-memchr.o)
                0x080001e0                memchr
 .text          0x08000280       0x30 /opt/st/stm32cubeide_1.17.0/plugins/com.st.stm32cube.ide.mcu.externaltools.gnu-tools-for-stm32.12.3.rel1.linux64_1.1.0.202410170702/tools/bin/../lib/gcc/arm-none-eabi/12.3.1/thumb/v7e-m+fp/hard/libgcc.a(_aeabi_uldivmod.o)
                0x08000280                __aeabi_uldivmod
 .text          0x080002b0      0x2bc /opt/st/stm32cubeide_1.17.0/plugins/com.st.stm32cube.ide.mcu.externaltools.gnu-tools-for-stm32.12.3.rel1.linux64_1.1.0.202410170702/tools/bin/../lib/gcc/arm-none-eabi/12.3.1/thumb/v7e-m+fp/hard/libgcc.a(_udivmoddi4.o)
                0x080002b0                __udivmoddi4
 .text          0x0800056c        0x4 /opt/st/stm32cubeide_1.17.0/plugins/com.st.stm32cube.ide.mcu.externaltools.gnu-tools-for-stm32.12.3.rel1.linux64_1.1.0.202410170702/tools/bin/../lib/gcc/arm-none-eabi/12.3.1/thumb/v7e-m+fp/hard/libgcc.a(_dvmd_tls.o)
                0x0800056c                __aeabi_ldiv0
                0x0800056c                __aeabi_idiv0
 *(.text*)
 .text.Reset_Handler
                0x08000570       0x50 ./Application/Startup/startup_stm32f401retx.o
                0x08000570                Reset_Handler
 .text.Default_Handler
                0x080005c0        0x2 ./Application/Startup/startup_stm32f401retx.o
                0x080005c0                RTC_Alarm_IRQHandler
                0x080005c0                EXTI2_IRQHandler
                0x080005c0                SPI4_IRQHandler
                0x080005c0                TIM1_CC_IRQHandler
                0x080005c0                DMA2_Stream5_IRQHandler
                0x080005c0                DMA1_Stream5_IRQHandler
                0x080005c0                PVD_IRQHandler
                0x080005c0                SDIO_IRQHandler
                0x080005c0                TAMP_STAMP_IRQHandler
                0x080005c0                EXTI3_IRQHandler
                0x080005c0                TIM1_UP_TIM10_IRQHandler
                0x080005c0                I2C3_ER_IRQHandler
                0x080005c0                EXTI0_IRQHandler
                0x080005c0                I2C2_EV_IRQHandler
                0x080005c0                DMA1_Stream2_IRQHandler
                0x080005c0                FPU_IRQHandler
                0x080005c0                DMA2_Stream2_IRQHandler
                0x080005c0                SPI1_IRQHandler
                0x080005c0                TIM1_BRK_TIM9_IRQHandler
                0x080005c0                DMA2_Stream3_IRQHandler
                0x080005c0                USART6_IRQHandler
                0x080005c0                DMA2_Stream0_IRQHandler
                0x080005c0                TIM4_IRQHandler
                0x080005c0                I2C1_EV_IRQHandler
                0x080005c0                DMA1_Stream6_IRQHandler
                0x080005c0                DMA1_Stream1_IRQHandler
                0x080005c0                TIM3_IRQHandler
                0x080005c0                RCC_IRQHandler
                0x080005c0                Default_Handler
                0x080005c0                ADC_IRQHandler
                0x080005c0                DMA1_Stream7_IRQHandler
                0x080005c0                TIM5_IRQHandler
                0x080005c0                DMA2_Stream7_IRQHandler
                0x080005c0                I2C3_EV_IRQHandler
                0x080005c0                EXTI9_5_IRQHandler
                0x080005c0                RTC_WKUP_IRQHandler
                0x080005c0                SPI2_IRQHandler
                0x080005c0                DMA1_Stream0_IRQHandler
                0x080005c0                WWDG_IRQHandler
                0x080005c0                TIM2_IRQHandler
                0x080005c0                OTG_FS_WKUP_IRQHandler
                0x080005c0                TIM1_TRG_COM_TIM11_IRQHandler
                0x080005c0                EXTI1_IRQHandler
                0x080005c0                USART2_IRQHandler
                0x080005c0                I2C2_ER_IRQHandler
                0x080005c0                DMA2_Stream1_IRQHandler
                0x080005c0                FLASH_IRQHandler
                0x080005c0                DMA2_Stream4_IRQHandler
                0x080005c0                USART1_IRQHandler
                0x080005c0                OTG_FS_IRQHandler
                0x080005c0                SPI3_IRQHandler
                0x080005c0                DMA1_Stream4_IRQHandler
                0x080005c0                I2C1_ER_IRQHandler
                0x080005c0                DMA2_Stream6_IRQHandler
                0x080005c0                DMA1_Stream3_IRQHandler
 .text.MX_TOF_Init
                0x080005c2        0xc ./Application/User/app_tof.o
                0x080005c2                MX_TOF_Init
 .text.MX_TOF_Process
                0x080005ce        0xc ./Application/User/app_tof.o
                0x080005ce                MX_TOF_Process
 *fill*         0x080005da        0x2 
 .text.MX_VL53L8CX_SimpleRanging_Init
                0x080005dc       0x40 ./Application/User/app_tof.o
 .text.MX_VL53L8CX_SimpleRanging_Process
                0x0800061c       0x98 ./Application/User/app_tof.o
 .text.print_result
                0x080006b4      0x110 ./Application/User/app_tof.o
 .text.toggle_resolution
                0x080007c4       0x68 ./Application/User/app_tof.o
 .text.toggle_signal_and_ambient
                0x0800082c       0x4c ./Application/User/app_tof.o
 .text.clear_screen
                0x08000878       0x14 ./Application/User/app_tof.o
 .text.handle_cmd
                0x0800088c       0x40 ./Application/User/app_tof.o
 .text.get_key  0x080008cc       0x28 ./Application/User/app_tof.o
 .text.com_has_data
                0x080008f4       0x28 ./Application/User/app_tof.o
 .text.HAL_GPIO_EXTI_Callback
                0x0800091c       0x28 ./Application/User/app_tof_pin_conf.o
                0x0800091c                HAL_GPIO_EXTI_Callback
 .text.CUSTOM_RANGING_SENSOR_Init
                0x08000944       0x4c ./Application/User/custom_ranging_sensor.o
                0x08000944                CUSTOM_RANGING_SENSOR_Init
 .text.CUSTOM_RANGING_SENSOR_ReadID
                0x08000990       0x54 ./Application/User/custom_ranging_sensor.o
                0x08000990                CUSTOM_RANGING_SENSOR_ReadID
 .text.CUSTOM_RANGING_SENSOR_GetCapabilities
                0x080009e4       0x54 ./Application/User/custom_ranging_sensor.o
                0x080009e4                CUSTOM_RANGING_SENSOR_GetCapabilities
 .text.CUSTOM_RANGING_SENSOR_ConfigProfile
                0x08000a38       0x54 ./Application/User/custom_ranging_sensor.o
                0x08000a38                CUSTOM_RANGING_SENSOR_ConfigProfile
 .text.CUSTOM_RANGING_SENSOR_GetDistance
                0x08000a8c       0x54 ./Application/User/custom_ranging_sensor.o
                0x08000a8c                CUSTOM_RANGING_SENSOR_GetDistance
 .text.CUSTOM_RANGING_SENSOR_Start
                0x08000ae0       0x58 ./Application/User/custom_ranging_sensor.o
                0x08000ae0                CUSTOM_RANGING_SENSOR_Start
 .text.CUSTOM_RANGING_SENSOR_Stop
                0x08000b38       0x50 ./Application/User/custom_ranging_sensor.o
                0x08000b38                CUSTOM_RANGING_SENSOR_Stop
 .text.VL53L8CX_Probe
                0x08000b88      0x100 ./Application/User/custom_ranging_sensor.o
 .text.reset_device
                0x08000c88       0x50 ./Application/User/custom_ranging_sensor.o
 .text.main     0x08000cd8       0x1a ./Application/User/main.o
                0x08000cd8                main
 *fill*         0x08000cf2        0x2 
 .text.SystemClock_Config
                0x08000cf4       0xd8 ./Application/User/main.o
                0x08000cf4                SystemClock_Config
 .text.MX_GPIO_Init
                0x08000dcc      0x14c ./Application/User/main.o
 .text.Error_Handler
                0x08000f18        0xc ./Application/User/main.o
                0x08000f18                Error_Handler
 .text.HAL_MspInit
                0x08000f24       0x50 ./Application/User/stm32f4xx_hal_msp.o
                0x08000f24                HAL_MspInit
 .text.NMI_Handler
                0x08000f74        0x8 ./Application/User/stm32f4xx_it.o
                0x08000f74                NMI_Handler
 .text.HardFault_Handler
                0x08000f7c        0x8 ./Application/User/stm32f4xx_it.o
                0x08000f7c                HardFault_Handler
 .text.MemManage_Handler
                0x08000f84        0x8 ./Application/User/stm32f4xx_it.o
                0x08000f84                MemManage_Handler
 .text.BusFault_Handler
                0x08000f8c        0x8 ./Application/User/stm32f4xx_it.o
                0x08000f8c                BusFault_Handler
 .text.UsageFault_Handler
                0x08000f94        0x8 ./Application/User/stm32f4xx_it.o
                0x08000f94                UsageFault_Handler
 .text.SVC_Handler
                0x08000f9c        0xe ./Application/User/stm32f4xx_it.o
                0x08000f9c                SVC_Handler
 .text.DebugMon_Handler
                0x08000faa        0xe ./Application/User/stm32f4xx_it.o
                0x08000faa                DebugMon_Handler
 .text.PendSV_Handler
                0x08000fb8        0xe ./Application/User/stm32f4xx_it.o
                0x08000fb8                PendSV_Handler
 .text.SysTick_Handler
                0x08000fc6        0xc ./Application/User/stm32f4xx_it.o
                0x08000fc6                SysTick_Handler
 .text.EXTI4_IRQHandler
                0x08000fd2        0xe ./Application/User/stm32f4xx_it.o
                0x08000fd2                EXTI4_IRQHandler
 .text.EXTI15_10_IRQHandler
                0x08000fe0       0x10 ./Application/User/stm32f4xx_it.o
                0x08000fe0                EXTI15_10_IRQHandler
 .text.BSP_COM_Init
                0x08000ff0       0x7c ./Application/User/stm32f4xx_nucleo.o
                0x08000ff0                BSP_COM_Init
 .text.MX_USART2_UART_Init
                0x0800106c       0x5c ./Application/User/stm32f4xx_nucleo.o
                0x0800106c                MX_USART2_UART_Init
 .text.__io_putchar
                0x080010c8       0x38 ./Application/User/stm32f4xx_nucleo.o
                0x080010c8                __io_putchar
 .text.USART2_MspInit
                0x08001100       0x90 ./Application/User/stm32f4xx_nucleo.o
 .text.BSP_I2C1_Init
                0x08001190       0x64 ./Application/User/stm32f4xx_nucleo_bus.o
                0x08001190                BSP_I2C1_Init
 .text.BSP_I2C1_DeInit
                0x080011f4       0x50 ./Application/User/stm32f4xx_nucleo_bus.o
                0x080011f4                BSP_I2C1_DeInit
 .text.BSP_I2C1_WriteReg16
                0x08001244       0x64 ./Application/User/stm32f4xx_nucleo_bus.o
                0x08001244                BSP_I2C1_WriteReg16
 .text.BSP_I2C1_ReadReg16
                0x080012a8       0x64 ./Application/User/stm32f4xx_nucleo_bus.o
                0x080012a8                BSP_I2C1_ReadReg16
 .text.BSP_GetTick
                0x0800130c        0xe ./Application/User/stm32f4xx_nucleo_bus.o
                0x0800130c                BSP_GetTick
 *fill*         0x0800131a        0x2 
 .text.MX_I2C1_Init
                0x0800131c       0x68 ./Application/User/stm32f4xx_nucleo_bus.o
                0x0800131c                MX_I2C1_Init
 .text.I2C1_MspInit
                0x08001384       0x94 ./Application/User/stm32f4xx_nucleo_bus.o
 .text.I2C1_MspDeInit
                0x08001418       0x38 ./Application/User/stm32f4xx_nucleo_bus.o
 .text._read    0x08001450       0x3a ./Application/User/syscalls.o
                0x08001450                _read
 .text._write   0x0800148a       0x38 ./Application/User/syscalls.o
                0x0800148a                _write
 .text._close   0x080014c2       0x18 ./Application/User/syscalls.o
                0x080014c2                _close
 .text._fstat   0x080014da       0x20 ./Application/User/syscalls.o
                0x080014da                _fstat
 .text._isatty  0x080014fa       0x16 ./Application/User/syscalls.o
                0x080014fa                _isatty
 .text._lseek   0x08001510       0x1a ./Application/User/syscalls.o
                0x08001510                _lseek
 *fill*         0x0800152a        0x2 
 .text._sbrk    0x0800152c       0x6c ./Application/User/sysmem.o
                0x0800152c                _sbrk
 .text.VL53L8CX_RdByte
                0x08001598       0x2a ./Drivers/BSP/Components/platform.o
                0x08001598                VL53L8CX_RdByte
 .text.VL53L8CX_WrByte
                0x080015c2       0x2c ./Drivers/BSP/Components/platform.o
                0x080015c2                VL53L8CX_WrByte
 .text.VL53L8CX_WrMulti
                0x080015ee       0x2e ./Drivers/BSP/Components/platform.o
                0x080015ee                VL53L8CX_WrMulti
 .text.VL53L8CX_RdMulti
                0x0800161c       0x2e ./Drivers/BSP/Components/platform.o
                0x0800161c                VL53L8CX_RdMulti
 .text.VL53L8CX_SwapBuffer
                0x0800164a       0x6c ./Drivers/BSP/Components/platform.o
                0x0800164a                VL53L8CX_SwapBuffer
 .text.VL53L8CX_WaitMs
                0x080016b6       0x34 ./Drivers/BSP/Components/platform.o
                0x080016b6                VL53L8CX_WaitMs
 .text.VL53L8CX_RegisterBusIO
                0x080016ea       0x90 ./Drivers/BSP/Components/vl53l8cx.o
                0x080016ea                VL53L8CX_RegisterBusIO
 .text.VL53L8CX_Init
                0x0800177a       0x7e ./Drivers/BSP/Components/vl53l8cx.o
                0x0800177a                VL53L8CX_Init
 .text.VL53L8CX_DeInit
                0x080017f8       0x52 ./Drivers/BSP/Components/vl53l8cx.o
                0x080017f8                VL53L8CX_DeInit
 .text.VL53L8CX_ReadID
                0x0800184a       0xc0 ./Drivers/BSP/Components/vl53l8cx.o
                0x0800184a                VL53L8CX_ReadID
 .text.VL53L8CX_GetCapabilities
                0x0800190a       0x48 ./Drivers/BSP/Components/vl53l8cx.o
                0x0800190a                VL53L8CX_GetCapabilities
 *fill*         0x08001952        0x2 
 .text.VL53L8CX_ConfigProfile
                0x08001954      0x13c ./Drivers/BSP/Components/vl53l8cx.o
                0x08001954                VL53L8CX_ConfigProfile
 .text.VL53L8CX_ConfigROI
                0x08001a90       0x1a ./Drivers/BSP/Components/vl53l8cx.o
                0x08001a90                VL53L8CX_ConfigROI
 *fill*         0x08001aaa        0x2 
 .text.VL53L8CX_ConfigIT
                0x08001aac      0x170 ./Drivers/BSP/Components/vl53l8cx.o
                0x08001aac                VL53L8CX_ConfigIT
 .text.VL53L8CX_GetDistance
                0x08001c1c       0x74 ./Drivers/BSP/Components/vl53l8cx.o
                0x08001c1c                VL53L8CX_GetDistance
 .text.VL53L8CX_Start
                0x08001c90       0xbc ./Drivers/BSP/Components/vl53l8cx.o
                0x08001c90                VL53L8CX_Start
 .text.VL53L8CX_Stop
                0x08001d4c       0x56 ./Drivers/BSP/Components/vl53l8cx.o
                0x08001d4c                VL53L8CX_Stop
 .text.VL53L8CX_SetAddress
                0x08001da2       0x4e ./Drivers/BSP/Components/vl53l8cx.o
                0x08001da2                VL53L8CX_SetAddress
 .text.VL53L8CX_GetAddress
                0x08001df0       0x3a ./Drivers/BSP/Components/vl53l8cx.o
                0x08001df0                VL53L8CX_GetAddress
 .text.VL53L8CX_SetPowerMode
                0x08001e2a       0x58 ./Drivers/BSP/Components/vl53l8cx.o
                0x08001e2a                VL53L8CX_SetPowerMode
 .text.VL53L8CX_GetPowerMode
                0x08001e82       0x58 ./Drivers/BSP/Components/vl53l8cx.o
                0x08001e82                VL53L8CX_GetPowerMode
 .text.vl53l8cx_poll_for_measurement
                0x08001eda       0x66 ./Drivers/BSP/Components/vl53l8cx.o
 .text.vl53l8cx_get_result
                0x08001f40      0x1cc ./Drivers/BSP/Components/vl53l8cx.o
 .text.vl53l8cx_map_target_status
                0x0800210c       0x3a ./Drivers/BSP/Components/vl53l8cx.o
 .text._vl53l8cx_poll_for_answer
                0x08002146       0xa0 ./Drivers/BSP/Components/vl53l8cx_api.o
 .text._vl53l8cx_poll_for_mcu_boot
                0x080021e6       0x86 ./Drivers/BSP/Components/vl53l8cx_api.o
 .text._vl53l8cx_send_offset_data
                0x0800226c      0x398 ./Drivers/BSP/Components/vl53l8cx_api.o
 .text._vl53l8cx_send_xtalk_data
                0x08002604      0x298 ./Drivers/BSP/Components/vl53l8cx_api.o
 .text.vl53l8cx_init
                0x0800289c      0x858 ./Drivers/BSP/Components/vl53l8cx_api.o
                0x0800289c                vl53l8cx_init
 .text.vl53l8cx_set_i2c_address
                0x080030f4       0x6c ./Drivers/BSP/Components/vl53l8cx_api.o
                0x080030f4                vl53l8cx_set_i2c_address
 .text.vl53l8cx_get_power_mode
                0x08003160       0xac ./Drivers/BSP/Components/vl53l8cx_api.o
                0x08003160                vl53l8cx_get_power_mode
 .text.vl53l8cx_set_power_mode
                0x0800320c      0x1ba ./Drivers/BSP/Components/vl53l8cx_api.o
                0x0800320c                vl53l8cx_set_power_mode
 *fill*         0x080033c6        0x2 
 .text.vl53l8cx_start_ranging
                0x080033c8      0x32c ./Drivers/BSP/Components/vl53l8cx_api.o
                0x080033c8                vl53l8cx_start_ranging
 .text.vl53l8cx_stop_ranging
                0x080036f4      0x1a0 ./Drivers/BSP/Components/vl53l8cx_api.o
                0x080036f4                vl53l8cx_stop_ranging
 .text.vl53l8cx_check_data_ready
                0x08003894       0xa0 ./Drivers/BSP/Components/vl53l8cx_api.o
                0x08003894                vl53l8cx_check_data_ready
 .text.vl53l8cx_get_ranging_data
                0x08003934      0x410 ./Drivers/BSP/Components/vl53l8cx_api.o
                0x08003934                vl53l8cx_get_ranging_data
 .text.vl53l8cx_get_resolution
                0x08003d44       0x4a ./Drivers/BSP/Components/vl53l8cx_api.o
                0x08003d44                vl53l8cx_get_resolution
 .text.vl53l8cx_set_resolution
                0x08003d8e      0x1a8 ./Drivers/BSP/Components/vl53l8cx_api.o
                0x08003d8e                vl53l8cx_set_resolution
 .text.vl53l8cx_set_ranging_frequency_hz
                0x08003f36       0x42 ./Drivers/BSP/Components/vl53l8cx_api.o
                0x08003f36                vl53l8cx_set_ranging_frequency_hz
 .text.vl53l8cx_set_integration_time_ms
                0x08003f78       0x6a ./Drivers/BSP/Components/vl53l8cx_api.o
                0x08003f78                vl53l8cx_set_integration_time_ms
 .text.vl53l8cx_set_ranging_mode
                0x08003fe2       0xae ./Drivers/BSP/Components/vl53l8cx_api.o
                0x08003fe2                vl53l8cx_set_ranging_mode
 .text.vl53l8cx_dci_read_data
                0x08004090      0x114 ./Drivers/BSP/Components/vl53l8cx_api.o
                0x08004090                vl53l8cx_dci_read_data
 .text.vl53l8cx_dci_write_data
                0x080041a4      0x13c ./Drivers/BSP/Components/vl53l8cx_api.o
                0x080041a4                vl53l8cx_dci_write_data
 .text.vl53l8cx_dci_replace_data
                0x080042e0       0x58 ./Drivers/BSP/Components/vl53l8cx_api.o
                0x080042e0                vl53l8cx_dci_replace_data
 .text.vl53l8cx_set_detection_thresholds_enable
                0x08004338       0x8c ./Drivers/BSP/Components/vl53l8cx_plugin_detection_thresholds.o
                0x08004338                vl53l8cx_set_detection_thresholds_enable
 .text.vl53l8cx_set_detection_thresholds
                0x080043c4      0x2b0 ./Drivers/BSP/Components/vl53l8cx_plugin_detection_thresholds.o
                0x080043c4                vl53l8cx_set_detection_thresholds
 .text.SystemInit
                0x08004674       0x24 ./Drivers/CMSIS/system_stm32f4xx.o
                0x08004674                SystemInit
 .text.HAL_Init
                0x08004698       0x44 ./Drivers/STM32F4xx_HAL_Driver/stm32f4xx_hal.o
                0x08004698                HAL_Init
 .text.HAL_InitTick
                0x080046dc       0x60 ./Drivers/STM32F4xx_HAL_Driver/stm32f4xx_hal.o
                0x080046dc                HAL_InitTick
 .text.HAL_IncTick
                0x0800473c       0x28 ./Drivers/STM32F4xx_HAL_Driver/stm32f4xx_hal.o
                0x0800473c                HAL_IncTick
 .text.HAL_GetTick
                0x08004764       0x18 ./Drivers/STM32F4xx_HAL_Driver/stm32f4xx_hal.o
                0x08004764                HAL_GetTick
 .text.HAL_Delay
                0x0800477c       0x48 ./Drivers/STM32F4xx_HAL_Driver/stm32f4xx_hal.o
                0x0800477c                HAL_Delay
 .text.__NVIC_SetPriorityGrouping
                0x080047c4       0x48 ./Drivers/STM32F4xx_HAL_Driver/stm32f4xx_hal_cortex.o
 .text.__NVIC_GetPriorityGrouping
                0x0800480c       0x1c ./Drivers/STM32F4xx_HAL_Driver/stm32f4xx_hal_cortex.o
 .text.__NVIC_EnableIRQ
                0x08004828       0x3c ./Drivers/STM32F4xx_HAL_Driver/stm32f4xx_hal_cortex.o
 .text.__NVIC_SetPriority
                0x08004864       0x54 ./Drivers/STM32F4xx_HAL_Driver/stm32f4xx_hal_cortex.o
 .text.NVIC_EncodePriority
                0x080048b8       0x66 ./Drivers/STM32F4xx_HAL_Driver/stm32f4xx_hal_cortex.o
 *fill*         0x0800491e        0x2 
 .text.SysTick_Config
                0x08004920       0x44 ./Drivers/STM32F4xx_HAL_Driver/stm32f4xx_hal_cortex.o
 .text.HAL_NVIC_SetPriorityGrouping
                0x08004964       0x16 ./Drivers/STM32F4xx_HAL_Driver/stm32f4xx_hal_cortex.o
                0x08004964                HAL_NVIC_SetPriorityGrouping
 .text.HAL_NVIC_SetPriority
                0x0800497a       0x38 ./Drivers/STM32F4xx_HAL_Driver/stm32f4xx_hal_cortex.o
                0x0800497a                HAL_NVIC_SetPriority
 .text.HAL_NVIC_EnableIRQ
                0x080049b2       0x1c ./Drivers/STM32F4xx_HAL_Driver/stm32f4xx_hal_cortex.o
                0x080049b2                HAL_NVIC_EnableIRQ
 .text.HAL_SYSTICK_Config
                0x080049ce       0x18 ./Drivers/STM32F4xx_HAL_Driver/stm32f4xx_hal_cortex.o
                0x080049ce                HAL_SYSTICK_Config
 *fill*         0x080049e6        0x2 
 .text.HAL_GPIO_Init
                0x080049e8      0x308 ./Drivers/STM32F4xx_HAL_Driver/stm32f4xx_hal_gpio.o
                0x080049e8                HAL_GPIO_Init
 .text.HAL_GPIO_DeInit
                0x08004cf0      0x1c8 ./Drivers/STM32F4xx_HAL_Driver/stm32f4xx_hal_gpio.o
                0x08004cf0                HAL_GPIO_DeInit
 .text.HAL_GPIO_WritePin
                0x08004eb8       0x32 ./Drivers/STM32F4xx_HAL_Driver/stm32f4xx_hal_gpio.o
                0x08004eb8                HAL_GPIO_WritePin
 *fill*         0x08004eea        0x2 
 .text.HAL_GPIO_EXTI_IRQHandler
                0x08004eec       0x30 ./Drivers/STM32F4xx_HAL_Driver/stm32f4xx_hal_gpio.o
                0x08004eec                HAL_GPIO_EXTI_IRQHandler
 .text.HAL_I2C_Init
                0x08004f1c      0x288 ./Drivers/STM32F4xx_HAL_Driver/stm32f4xx_hal_i2c.o
                0x08004f1c                HAL_I2C_Init
 .text.HAL_I2C_DeInit
                0x080051a4       0x5e ./Drivers/STM32F4xx_HAL_Driver/stm32f4xx_hal_i2c.o
                0x080051a4                HAL_I2C_DeInit
 .text.HAL_I2C_MspInit
                0x08005202       0x14 ./Drivers/STM32F4xx_HAL_Driver/stm32f4xx_hal_i2c.o
                0x08005202                HAL_I2C_MspInit
 .text.HAL_I2C_MspDeInit
                0x08005216       0x14 ./Drivers/STM32F4xx_HAL_Driver/stm32f4xx_hal_i2c.o
                0x08005216                HAL_I2C_MspDeInit
 *fill*         0x0800522a        0x2 
 .text.HAL_I2C_Mem_Write
                0x0800522c      0x1f4 ./Drivers/STM32F4xx_HAL_Driver/stm32f4xx_hal_i2c.o
                0x0800522c                HAL_I2C_Mem_Write
 .text.HAL_I2C_Mem_Read
                0x08005420      0x464 ./Drivers/STM32F4xx_HAL_Driver/stm32f4xx_hal_i2c.o
                0x08005420                HAL_I2C_Mem_Read
 .text.HAL_I2C_GetState
                0x08005884       0x1c ./Drivers/STM32F4xx_HAL_Driver/stm32f4xx_hal_i2c.o
                0x08005884                HAL_I2C_GetState
 .text.HAL_I2C_GetError
                0x080058a0       0x18 ./Drivers/STM32F4xx_HAL_Driver/stm32f4xx_hal_i2c.o
                0x080058a0                HAL_I2C_GetError
 .text.I2C_RequestMemoryWrite
                0x080058b8      0x12c ./Drivers/STM32F4xx_HAL_Driver/stm32f4xx_hal_i2c.o
 .text.I2C_RequestMemoryRead
                0x080059e4      0x1d0 ./Drivers/STM32F4xx_HAL_Driver/stm32f4xx_hal_i2c.o
 .text.I2C_WaitOnFlagUntilTimeout
                0x08005bb4       0xf4 ./Drivers/STM32F4xx_HAL_Driver/stm32f4xx_hal_i2c.o
 .text.I2C_WaitOnMasterAddressFlagUntilTimeout
                0x08005ca8      0x140 ./Drivers/STM32F4xx_HAL_Driver/stm32f4xx_hal_i2c.o
 .text.I2C_WaitOnTXEFlagUntilTimeout
                0x08005de8       0x90 ./Drivers/STM32F4xx_HAL_Driver/stm32f4xx_hal_i2c.o
 .text.I2C_WaitOnBTFFlagUntilTimeout
                0x08005e78       0x90 ./Drivers/STM32F4xx_HAL_Driver/stm32f4xx_hal_i2c.o
 .text.I2C_WaitOnRXNEFlagUntilTimeout
                0x08005f08       0xba ./Drivers/STM32F4xx_HAL_Driver/stm32f4xx_hal_i2c.o
 .text.I2C_IsAcknowledgeFailed
                0x08005fc2       0x5e ./Drivers/STM32F4xx_HAL_Driver/stm32f4xx_hal_i2c.o
 .text.HAL_RCC_OscConfig
                0x08006020      0x4f0 ./Drivers/STM32F4xx_HAL_Driver/stm32f4xx_hal_rcc.o
                0x08006020                HAL_RCC_OscConfig
 .text.HAL_RCC_ClockConfig
                0x08006510      0x1cc ./Drivers/STM32F4xx_HAL_Driver/stm32f4xx_hal_rcc.o
                0x08006510                HAL_RCC_ClockConfig
 .text.HAL_RCC_GetSysClockFreq
                0x080066dc      0x20c ./Drivers/STM32F4xx_HAL_Driver/stm32f4xx_hal_rcc.o
                0x080066dc                HAL_RCC_GetSysClockFreq
 .text.HAL_RCC_GetHCLKFreq
                0x080068e8       0x18 ./Drivers/STM32F4xx_HAL_Driver/stm32f4xx_hal_rcc.o
                0x080068e8                HAL_RCC_GetHCLKFreq
 .text.HAL_RCC_GetPCLK1Freq
                0x08006900       0x28 ./Drivers/STM32F4xx_HAL_Driver/stm32f4xx_hal_rcc.o
                0x08006900                HAL_RCC_GetPCLK1Freq
 .text.HAL_RCC_GetPCLK2Freq
                0x08006928       0x28 ./Drivers/STM32F4xx_HAL_Driver/stm32f4xx_hal_rcc.o
                0x08006928                HAL_RCC_GetPCLK2Freq
 .text.HAL_UART_Init
                0x08006950       0xa0 ./Drivers/STM32F4xx_HAL_Driver/stm32f4xx_hal_uart.o
                0x08006950                HAL_UART_Init
 .text.HAL_UART_MspInit
                0x080069f0       0x14 ./Drivers/STM32F4xx_HAL_Driver/stm32f4xx_hal_uart.o
                0x080069f0                HAL_UART_MspInit
 .text.HAL_UART_Transmit
                0x08006a04      0x116 ./Drivers/STM32F4xx_HAL_Driver/stm32f4xx_hal_uart.o
                0x08006a04                HAL_UART_Transmit
 .text.HAL_UART_Receive
                0x08006b1a      0x12e ./Drivers/STM32F4xx_HAL_Driver/stm32f4xx_hal_uart.o
                0x08006b1a                HAL_UART_Receive
 .text.UART_WaitOnFlagUntilTimeout
                0x08006c48       0xb2 ./Drivers/STM32F4xx_HAL_Driver/stm32f4xx_hal_uart.o
 .text.UART_EndRxTransfer
                0x08006cfa       0xc6 ./Drivers/STM32F4xx_HAL_Driver/stm32f4xx_hal_uart.o
 .text.UART_SetConfig
                0x08006dc0      0x4e8 ./Drivers/STM32F4xx_HAL_Driver/stm32f4xx_hal_uart.o
 .text.std      0x080072a8       0x6c /opt/st/stm32cubeide_1.17.0/plugins/com.st.stm32cube.ide.mcu.externaltools.gnu-tools-for-stm32.12.3.rel1.linux64_1.1.0.202410170702/tools/bin/../lib/gcc/arm-none-eabi/12.3.1/../../../../arm-none-eabi/lib/thumb/v7e-m+fp/hard/libc_nano.a(libc_a-findfp.o)
 .text.stdio_exit_handler
                0x08007314       0x18 /opt/st/stm32cubeide_1.17.0/plugins/com.st.stm32cube.ide.mcu.externaltools.gnu-tools-for-stm32.12.3.rel1.linux64_1.1.0.202410170702/tools/bin/../lib/gcc/arm-none-eabi/12.3.1/../../../../arm-none-eabi/lib/thumb/v7e-m+fp/hard/libc_nano.a(libc_a-findfp.o)
 .text.cleanup_stdio
                0x0800732c       0x40 /opt/st/stm32cubeide_1.17.0/plugins/com.st.stm32cube.ide.mcu.externaltools.gnu-tools-for-stm32.12.3.rel1.linux64_1.1.0.202410170702/tools/bin/../lib/gcc/arm-none-eabi/12.3.1/../../../../arm-none-eabi/lib/thumb/v7e-m+fp/hard/libc_nano.a(libc_a-findfp.o)
 .text.global_stdio_init.part.0
                0x0800736c       0x3c /opt/st/stm32cubeide_1.17.0/plugins/com.st.stm32cube.ide.mcu.externaltools.gnu-tools-for-stm32.12.3.rel1.linux64_1.1.0.202410170702/tools/bin/../lib/gcc/arm-none-eabi/12.3.1/../../../../arm-none-eabi/lib/thumb/v7e-m+fp/hard/libc_nano.a(libc_a-findfp.o)
 .text.__sfp_lock_acquire
                0x080073a8        0xc /opt/st/stm32cubeide_1.17.0/plugins/com.st.stm32cube.ide.mcu.externaltools.gnu-tools-for-stm32.12.3.rel1.linux64_1.1.0.202410170702/tools/bin/../lib/gcc/arm-none-eabi/12.3.1/../../../../arm-none-eabi/lib/thumb/v7e-m+fp/hard/libc_nano.a(libc_a-findfp.o)
                0x080073a8                __sfp_lock_acquire
 .text.__sfp_lock_release
                0x080073b4        0xc /opt/st/stm32cubeide_1.17.0/plugins/com.st.stm32cube.ide.mcu.externaltools.gnu-tools-for-stm32.12.3.rel1.linux64_1.1.0.202410170702/tools/bin/../lib/gcc/arm-none-eabi/12.3.1/../../../../arm-none-eabi/lib/thumb/v7e-m+fp/hard/libc_nano.a(libc_a-findfp.o)
                0x080073b4                __sfp_lock_release
 .text.__sinit  0x080073c0       0x30 /opt/st/stm32cubeide_1.17.0/plugins/com.st.stm32cube.ide.mcu.externaltools.gnu-tools-for-stm32.12.3.rel1.linux64_1.1.0.202410170702/tools/bin/../lib/gcc/arm-none-eabi/12.3.1/../../../../arm-none-eabi/lib/thumb/v7e-m+fp/hard/libc_nano.a(libc_a-findfp.o)
                0x080073c0                __sinit
 .text._fwalk_sglue
                0x080073f0       0x3c /opt/st/stm32cubeide_1.17.0/plugins/com.st.stm32cube.ide.mcu.externaltools.gnu-tools-for-stm32.12.3.rel1.linux64_1.1.0.202410170702/tools/bin/../lib/gcc/arm-none-eabi/12.3.1/../../../../arm-none-eabi/lib/thumb/v7e-m+fp/hard/libc_nano.a(libc_a-fwalk.o)
                0x080073f0                _fwalk_sglue
 .text.printf   0x0800742c       0x24 /opt/st/stm32cubeide_1.17.0/plugins/com.st.stm32cube.ide.mcu.externaltools.gnu-tools-for-stm32.12.3.rel1.linux64_1.1.0.202410170702/tools/bin/../lib/gcc/arm-none-eabi/12.3.1/../../../../arm-none-eabi/lib/thumb/v7e-m+fp/hard/libc_nano.a(libc_a-printf.o)
                0x0800742c                printf
                0x0800742c                iprintf
 .text.putchar  0x08007450       0x10 /opt/st/stm32cubeide_1.17.0/plugins/com.st.stm32cube.ide.mcu.externaltools.gnu-tools-for-stm32.12.3.rel1.linux64_1.1.0.202410170702/tools/bin/../lib/gcc/arm-none-eabi/12.3.1/../../../../arm-none-eabi/lib/thumb/v7e-m+fp/hard/libc_nano.a(libc_a-putchar.o)
                0x08007450                putchar
 .text._puts_r  0x08007460       0xaa /opt/st/stm32cubeide_1.17.0/plugins/com.st.stm32cube.ide.mcu.externaltools.gnu-tools-for-stm32.12.3.rel1.linux64_1.1.0.202410170702/tools/bin/../lib/gcc/arm-none-eabi/12.3.1/../../../../arm-none-eabi/lib/thumb/v7e-m+fp/hard/libc_nano.a(libc_a-puts.o)
                0x08007460                _puts_r
 *fill*         0x0800750a        0x2 
 .text.puts     0x0800750c       0x10 /opt/st/stm32cubeide_1.17.0/plugins/com.st.stm32cube.ide.mcu.externaltools.gnu-tools-for-stm32.12.3.rel1.linux64_1.1.0.202410170702/tools/bin/../lib/gcc/arm-none-eabi/12.3.1/../../../../arm-none-eabi/lib/thumb/v7e-m+fp/hard/libc_nano.a(libc_a-puts.o)
                0x0800750c                puts
 .text.__sread  0x0800751c       0x22 /opt/st/stm32cubeide_1.17.0/plugins/com.st.stm32cube.ide.mcu.externaltools.gnu-tools-for-stm32.12.3.rel1.linux64_1.1.0.202410170702/tools/bin/../lib/gcc/arm-none-eabi/12.3.1/../../../../arm-none-eabi/lib/thumb/v7e-m+fp/hard/libc_nano.a(libc_a-stdio.o)
                0x0800751c                __sread
 .text.__swrite
                0x0800753e       0x38 /opt/st/stm32cubeide_1.17.0/plugins/com.st.stm32cube.ide.mcu.externaltools.gnu-tools-for-stm32.12.3.rel1.linux64_1.1.0.202410170702/tools/bin/../lib/gcc/arm-none-eabi/12.3.1/../../../../arm-none-eabi/lib/thumb/v7e-m+fp/hard/libc_nano.a(libc_a-stdio.o)
                0x0800753e                __swrite
 .text.__sseek  0x08007576       0x24 /opt/st/stm32cubeide_1.17.0/plugins/com.st.stm32cube.ide.mcu.externaltools.gnu-tools-for-stm32.12.3.rel1.linux64_1.1.0.202410170702/tools/bin/../lib/gcc/arm-none-eabi/12.3.1/../../../../arm-none-eabi/lib/thumb/v7e-m+fp/hard/libc_nano.a(libc_a-stdio.o)
                0x08007576                __sseek
 .text.__sclose
                0x0800759a        0x8 /opt/st/stm32cubeide_1.17.0/plugins/com.st.stm32cube.ide.mcu.externaltools.gnu-tools-for-stm32.12.3.rel1.linux64_1.1.0.202410170702/tools/bin/../lib/gcc/arm-none-eabi/12.3.1/../../../../arm-none-eabi/lib/thumb/v7e-m+fp/hard/libc_nano.a(libc_a-stdio.o)
                0x0800759a                __sclose
 .text.__swbuf_r
                0x080075a2       0x7c /opt/st/stm32cubeide_1.17.0/plugins/com.st.stm32cube.ide.mcu.externaltools.gnu-tools-for-stm32.12.3.rel1.linux64_1.1.0.202410170702/tools/bin/../lib/gcc/arm-none-eabi/12.3.1/../../../../arm-none-eabi/lib/thumb/v7e-m+fp/hard/libc_nano.a(libc_a-wbuf.o)
                0x080075a2                __swbuf_r
 *fill*         0x0800761e        0x2 
 .text.__swsetup_r
                0x08007620       0xac /opt/st/stm32cubeide_1.17.0/plugins/com.st.stm32cube.ide.mcu.externaltools.gnu-tools-for-stm32.12.3.rel1.linux64_1.1.0.202410170702/tools/bin/../lib/gcc/arm-none-eabi/12.3.1/../../../../arm-none-eabi/lib/thumb/v7e-m+fp/hard/libc_nano.a(libc_a-wsetup.o)
                0x08007620                __swsetup_r
 .text.memset   0x080076cc       0x10 /opt/st/stm32cubeide_1.17.0/plugins/com.st.stm32cube.ide.mcu.externaltools.gnu-tools-for-stm32.12.3.rel1.linux64_1.1.0.202410170702/tools/bin/../lib/gcc/arm-none-eabi/12.3.1/../../../../arm-none-eabi/lib/thumb/v7e-m+fp/hard/libc_nano.a(libc_a-memset.o)
                0x080076cc                memset
 .text._close_r
                0x080076dc       0x20 /opt/st/stm32cubeide_1.17.0/plugins/com.st.stm32cube.ide.mcu.externaltools.gnu-tools-for-stm32.12.3.rel1.linux64_1.1.0.202410170702/tools/bin/../lib/gcc/arm-none-eabi/12.3.1/../../../../arm-none-eabi/lib/thumb/v7e-m+fp/hard/libc_nano.a(libc_a-closer.o)
                0x080076dc                _close_r
 .text._lseek_r
                0x080076fc       0x24 /opt/st/stm32cubeide_1.17.0/plugins/com.st.stm32cube.ide.mcu.externaltools.gnu-tools-for-stm32.12.3.rel1.linux64_1.1.0.202410170702/tools/bin/../lib/gcc/arm-none-eabi/12.3.1/../../../../arm-none-eabi/lib/thumb/v7e-m+fp/hard/libc_nano.a(libc_a-lseekr.o)
                0x080076fc                _lseek_r
 .text._read_r  0x08007720       0x24 /opt/st/stm32cubeide_1.17.0/plugins/com.st.stm32cube.ide.mcu.externaltools.gnu-tools-for-stm32.12.3.rel1.linux64_1.1.0.202410170702/tools/bin/../lib/gcc/arm-none-eabi/12.3.1/../../../../arm-none-eabi/lib/thumb/v7e-m+fp/hard/libc_nano.a(libc_a-readr.o)
                0x08007720                _read_r
 .text._write_r
                0x08007744       0x24 /opt/st/stm32cubeide_1.17.0/plugins/com.st.stm32cube.ide.mcu.externaltools.gnu-tools-for-stm32.12.3.rel1.linux64_1.1.0.202410170702/tools/bin/../lib/gcc/arm-none-eabi/12.3.1/../../../../arm-none-eabi/lib/thumb/v7e-m+fp/hard/libc_nano.a(libc_a-writer.o)
                0x08007744                _write_r
 .text.__errno  0x08007768        0xc /opt/st/stm32cubeide_1.17.0/plugins/com.st.stm32cube.ide.mcu.externaltools.gnu-tools-for-stm32.12.3.rel1.linux64_1.1.0.202410170702/tools/bin/../lib/gcc/arm-none-eabi/12.3.1/../../../../arm-none-eabi/lib/thumb/v7e-m+fp/hard/libc_nano.a(libc_a-errno.o)
                0x08007768                __errno
 .text.__libc_init_array
                0x08007774       0x48 /opt/st/stm32cubeide_1.17.0/plugins/com.st.stm32cube.ide.mcu.externaltools.gnu-tools-for-stm32.12.3.rel1.linux64_1.1.0.202410170702/tools/bin/../lib/gcc/arm-none-eabi/12.3.1/../../../../arm-none-eabi/lib/thumb/v7e-m+fp/hard/libc_nano.a(libc_a-init.o)
                0x08007774                __libc_init_array
 .text.__retarget_lock_init_recursive
                0x080077bc        0x2 /opt/st/stm32cubeide_1.17.0/plugins/com.st.stm32cube.ide.mcu.externaltools.gnu-tools-for-stm32.12.3.rel1.linux64_1.1.0.202410170702/tools/bin/../lib/gcc/arm-none-eabi/12.3.1/../../../../arm-none-eabi/lib/thumb/v7e-m+fp/hard/libc_nano.a(libc_a-lock.o)
                0x080077bc                __retarget_lock_init_recursive
 .text.__retarget_lock_acquire_recursive
                0x080077be        0x2 /opt/st/stm32cubeide_1.17.0/plugins/com.st.stm32cube.ide.mcu.externaltools.gnu-tools-for-stm32.12.3.rel1.linux64_1.1.0.202410170702/tools/bin/../lib/gcc/arm-none-eabi/12.3.1/../../../../arm-none-eabi/lib/thumb/v7e-m+fp/hard/libc_nano.a(libc_a-lock.o)
                0x080077be                __retarget_lock_acquire_recursive
 .text.__retarget_lock_release_recursive
                0x080077c0        0x2 /opt/st/stm32cubeide_1.17.0/plugins/com.st.stm32cube.ide.mcu.externaltools.gnu-tools-for-stm32.12.3.rel1.linux64_1.1.0.202410170702/tools/bin/../lib/gcc/arm-none-eabi/12.3.1/../../../../arm-none-eabi/lib/thumb/v7e-m+fp/hard/libc_nano.a(libc_a-lock.o)
                0x080077c0                __retarget_lock_release_recursive
 .text.memcpy   0x080077c2       0x1c /opt/st/stm32cubeide_1.17.0/plugins/com.st.stm32cube.ide.mcu.externaltools.gnu-tools-for-stm32.12.3.rel1.linux64_1.1.0.202410170702/tools/bin/../lib/gcc/arm-none-eabi/12.3.1/../../../../arm-none-eabi/lib/thumb/v7e-m+fp/hard/libc_nano.a(libc_a-memcpy-stub.o)
                0x080077c2                memcpy
 *fill*         0x080077de        0x2 
 .text._free_r  0x080077e0       0x94 /opt/st/stm32cubeide_1.17.0/plugins/com.st.stm32cube.ide.mcu.externaltools.gnu-tools-for-stm32.12.3.rel1.linux64_1.1.0.202410170702/tools/bin/../lib/gcc/arm-none-eabi/12.3.1/../../../../arm-none-eabi/lib/thumb/v7e-m+fp/hard/libc_nano.a(libc_a-freer.o)
                0x080077e0                _free_r
 .text.sbrk_aligned
                0x08007874       0x44 /opt/st/stm32cubeide_1.17.0/plugins/com.st.stm32cube.ide.mcu.externaltools.gnu-tools-for-stm32.12.3.rel1.linux64_1.1.0.202410170702/tools/bin/../lib/gcc/arm-none-eabi/12.3.1/../../../../arm-none-eabi/lib/thumb/v7e-m+fp/hard/libc_nano.a(libc_a-mallocr.o)
 .text._malloc_r
                0x080078b8      0x100 /opt/st/stm32cubeide_1.17.0/plugins/com.st.stm32cube.ide.mcu.externaltools.gnu-tools-for-stm32.12.3.rel1.linux64_1.1.0.202410170702/tools/bin/../lib/gcc/arm-none-eabi/12.3.1/../../../../arm-none-eabi/lib/thumb/v7e-m+fp/hard/libc_nano.a(libc_a-mallocr.o)
                0x080078b8                _malloc_r
 .text.__malloc_lock
                0x080079b8        0xc /opt/st/stm32cubeide_1.17.0/plugins/com.st.stm32cube.ide.mcu.externaltools.gnu-tools-for-stm32.12.3.rel1.linux64_1.1.0.202410170702/tools/bin/../lib/gcc/arm-none-eabi/12.3.1/../../../../arm-none-eabi/lib/thumb/v7e-m+fp/hard/libc_nano.a(libc_a-mlock.o)
                0x080079b8                __malloc_lock
 .text.__malloc_unlock
                0x080079c4        0xc /opt/st/stm32cubeide_1.17.0/plugins/com.st.stm32cube.ide.mcu.externaltools.gnu-tools-for-stm32.12.3.rel1.linux64_1.1.0.202410170702/tools/bin/../lib/gcc/arm-none-eabi/12.3.1/../../../../arm-none-eabi/lib/thumb/v7e-m+fp/hard/libc_nano.a(libc_a-mlock.o)
                0x080079c4                __malloc_unlock
 .text.__sfputc_r
                0x080079d0       0x2e /opt/st/stm32cubeide_1.17.0/plugins/com.st.stm32cube.ide.mcu.externaltools.gnu-tools-for-stm32.12.3.rel1.linux64_1.1.0.202410170702/tools/bin/../lib/gcc/arm-none-eabi/12.3.1/../../../../arm-none-eabi/lib/thumb/v7e-m+fp/hard/libc_nano.a(libc_a-nano-vfprintf.o)
 .text.__sfputs_r
                0x080079fe       0x24 /opt/st/stm32cubeide_1.17.0/plugins/com.st.stm32cube.ide.mcu.externaltools.gnu-tools-for-stm32.12.3.rel1.linux64_1.1.0.202410170702/tools/bin/../lib/gcc/arm-none-eabi/12.3.1/../../../../arm-none-eabi/lib/thumb/v7e-m+fp/hard/libc_nano.a(libc_a-nano-vfprintf.o)
                0x080079fe                __sfputs_r
 *fill*         0x08007a22        0x2 
 .text._vfprintf_r
                0x08007a24      0x230 /opt/st/stm32cubeide_1.17.0/plugins/com.st.stm32cube.ide.mcu.externaltools.gnu-tools-for-stm32.12.3.rel1.linux64_1.1.0.202410170702/tools/bin/../lib/gcc/arm-none-eabi/12.3.1/../../../../arm-none-eabi/lib/thumb/v7e-m+fp/hard/libc_nano.a(libc_a-nano-vfprintf.o)
                0x08007a24                _vfiprintf_r
                0x08007a24                _vfprintf_r
 .text._printf_common
                0x08007c54       0xda /opt/st/stm32cubeide_1.17.0/plugins/com.st.stm32cube.ide.mcu.externaltools.gnu-tools-for-stm32.12.3.rel1.linux64_1.1.0.202410170702/tools/bin/../lib/gcc/arm-none-eabi/12.3.1/../../../../arm-none-eabi/lib/thumb/v7e-m+fp/hard/libc_nano.a(libc_a-nano-vfprintf_i.o)
                0x08007c54                _printf_common
 *fill*         0x08007d2e        0x2 
 .text._printf_i
                0x08007d30      0x240 /opt/st/stm32cubeide_1.17.0/plugins/com.st.stm32cube.ide.mcu.externaltools.gnu-tools-for-stm32.12.3.rel1.linux64_1.1.0.202410170702/tools/bin/../lib/gcc/arm-none-eabi/12.3.1/../../../../arm-none-eabi/lib/thumb/v7e-m+fp/hard/libc_nano.a(libc_a-nano-vfprintf_i.o)
                0x08007d30                _printf_i
 .text.__sflush_r
                0x08007f70      0x108 /opt/st/stm32cubeide_1.17.0/plugins/com.st.stm32cube.ide.mcu.externaltools.gnu-tools-for-stm32.12.3.rel1.linux64_1.1.0.202410170702/tools/bin/../lib/gcc/arm-none-eabi/12.3.1/../../../../arm-none-eabi/lib/thumb/v7e-m+fp/hard/libc_nano.a(libc_a-fflush.o)
                0x08007f70                __sflush_r
 .text._fflush_r
                0x08008078       0x50 /opt/st/stm32cubeide_1.17.0/plugins/com.st.stm32cube.ide.mcu.externaltools.gnu-tools-for-stm32.12.3.rel1.linux64_1.1.0.202410170702/tools/bin/../lib/gcc/arm-none-eabi/12.3.1/../../../../arm-none-eabi/lib/thumb/v7e-m+fp/hard/libc_nano.a(libc_a-fflush.o)
                0x08008078                _fflush_r
 .text.__swhatbuf_r
                0x080080c8       0x4c /opt/st/stm32cubeide_1.17.0/plugins/com.st.stm32cube.ide.mcu.externaltools.gnu-tools-for-stm32.12.3.rel1.linux64_1.1.0.202410170702/tools/bin/../lib/gcc/arm-none-eabi/12.3.1/../../../../arm-none-eabi/lib/thumb/v7e-m+fp/hard/libc_nano.a(libc_a-makebuf.o)
                0x080080c8                __swhatbuf_r
 .text.__smakebuf_r
                0x08008114       0x78 /opt/st/stm32cubeide_1.17.0/plugins/com.st.stm32cube.ide.mcu.externaltools.gnu-tools-for-stm32.12.3.rel1.linux64_1.1.0.202410170702/tools/bin/../lib/gcc/arm-none-eabi/12.3.1/../../../../arm-none-eabi/lib/thumb/v7e-m+fp/hard/libc_nano.a(libc_a-makebuf.o)
                0x08008114                __smakebuf_r
 .text._putc_r  0x0800818c       0x68 /opt/st/stm32cubeide_1.17.0/plugins/com.st.stm32cube.ide.mcu.externaltools.gnu-tools-for-stm32.12.3.rel1.linux64_1.1.0.202410170702/tools/bin/../lib/gcc/arm-none-eabi/12.3.1/../../../../arm-none-eabi/lib/thumb/v7e-m+fp/hard/libc_nano.a(libc_a-putc.o)
                0x0800818c                _putc_r
 .text._fstat_r
                0x080081f4       0x24 /opt/st/stm32cubeide_1.17.0/plugins/com.st.stm32cube.ide.mcu.externaltools.gnu-tools-for-stm32.12.3.rel1.linux64_1.1.0.202410170702/tools/bin/../lib/gcc/arm-none-eabi/12.3.1/../../../../arm-none-eabi/lib/thumb/v7e-m+fp/hard/libc_nano.a(libc_a-fstatr.o)
                0x080081f4                _fstat_r
 .text._isatty_r
                0x08008218       0x20 /opt/st/stm32cubeide_1.17.0/plugins/com.st.stm32cube.ide.mcu.externaltools.gnu-tools-for-stm32.12.3.rel1.linux64_1.1.0.202410170702/tools/bin/../lib/gcc/arm-none-eabi/12.3.1/../../../../arm-none-eabi/lib/thumb/v7e-m+fp/hard/libc_nano.a(libc_a-isattyr.o)
                0x08008218                _isatty_r
 .text._sbrk_r  0x08008238       0x20 /opt/st/stm32cubeide_1.17.0/plugins/com.st.stm32cube.ide.mcu.externaltools.gnu-tools-for-stm32.12.3.rel1.linux64_1.1.0.202410170702/tools/bin/../lib/gcc/arm-none-eabi/12.3.1/../../../../arm-none-eabi/lib/thumb/v7e-m+fp/hard/libc_nano.a(libc_a-sbrkr.o)
                0x08008238                _sbrk_r
 *(.glue_7)
 .glue_7        0x08008258        0x0 linker stubs
 *(.glue_7t)
 .glue_7t       0x08008258        0x0 linker stubs
 *(.eh_frame)
 .eh_frame      0x08008258        0x0 /opt/st/stm32cubeide_1.17.0/plugins/com.st.stm32cube.ide.mcu.externaltools.gnu-tools-for-stm32.12.3.rel1.linux64_1.1.0.202410170702/tools/bin/../lib/gcc/arm-none-eabi/12.3.1/thumb/v7e-m+fp/hard/crtbegin.o
 *(.init)
 .init          0x08008258        0x4 /opt/st/stm32cubeide_1.17.0/plugins/com.st.stm32cube.ide.mcu.externaltools.gnu-tools-for-stm32.12.3.rel1.linux64_1.1.0.202410170702/tools/bin/../lib/gcc/arm-none-eabi/12.3.1/thumb/v7e-m+fp/hard/crti.o
                0x08008258                _init
 .init          0x0800825c        0x8 /opt/st/stm32cubeide_1.17.0/plugins/com.st.stm32cube.ide.mcu.externaltools.gnu-tools-for-stm32.12.3.rel1.linux64_1.1.0.202410170702/tools/bin/../lib/gcc/arm-none-eabi/12.3.1/thumb/v7e-m+fp/hard/crtn.o
 *(.fini)
 .fini          0x08008264        0x4 /opt/st/stm32cubeide_1.17.0/plugins/com.st.stm32cube.ide.mcu.externaltools.gnu-tools-for-stm32.12.3.rel1.linux64_1.1.0.202410170702/tools/bin/../lib/gcc/arm-none-eabi/12.3.1/thumb/v7e-m+fp/hard/crti.o
                0x08008264                _fini
 .fini          0x08008268        0x8 /opt/st/stm32cubeide_1.17.0/plugins/com.st.stm32cube.ide.mcu.externaltools.gnu-tools-for-stm32.12.3.rel1.linux64_1.1.0.202410170702/tools/bin/../lib/gcc/arm-none-eabi/12.3.1/thumb/v7e-m+fp/hard/crtn.o
                0x08008270                        . = ALIGN (0x4)
                0x08008270                        _etext = .

.vfp11_veneer   0x08008270        0x0
 .vfp11_veneer  0x08008270        0x0 linker stubs

.v4_bx          0x08008270        0x0
 .v4_bx         0x08008270        0x0 linker stubs

.iplt           0x08008270        0x0
 .iplt          0x08008270        0x0 /opt/st/stm32cubeide_1.17.0/plugins/com.st.stm32cube.ide.mcu.externaltools.gnu-tools-for-stm32.12.3.rel1.linux64_1.1.0.202410170702/tools/bin/../lib/gcc/arm-none-eabi/12.3.1/thumb/v7e-m+fp/hard/crtbegin.o

.rodata         0x08008270    0x1590c
                0x08008270                        . = ALIGN (0x4)
 *(.rodata)
 .rodata        0x08008270      0x150 ./Application/User/app_tof.o
 .rodata        0x080083c0       0x6c ./Drivers/BSP/Components/vl53l8cx_api.o
 .rodata        0x0800842c        0x8 ./Drivers/BSP/Components/vl53l8cx_plugin_detection_thresholds.o
 *(.rodata*)
 .rodata.VL53L8CX_FIRMWARE
                0x08008434    0x15000 ./Drivers/BSP/Components/vl53l8cx_api.o
                0x08008434                VL53L8CX_FIRMWARE
 .rodata.VL53L8CX_DEFAULT_CONFIGURATION
                0x0801d434      0x3cc ./Drivers/BSP/Components/vl53l8cx_api.o
                0x0801d434                VL53L8CX_DEFAULT_CONFIGURATION
 .rodata.VL53L8CX_DEFAULT_XTALK
                0x0801d800      0x308 ./Drivers/BSP/Components/vl53l8cx_api.o
                0x0801d800                VL53L8CX_DEFAULT_XTALK
 .rodata.VL53L8CX_GET_NVM_CMD
                0x0801db08       0x28 ./Drivers/BSP/Components/vl53l8cx_api.o
                0x0801db08                VL53L8CX_GET_NVM_CMD
 .rodata.AHBPrescTable
                0x0801db30       0x10 ./Drivers/CMSIS/system_stm32f4xx.o
                0x0801db30                AHBPrescTable
 .rodata.APBPrescTable
                0x0801db40        0x8 ./Drivers/CMSIS/system_stm32f4xx.o
                0x0801db40                APBPrescTable
 .rodata._vfprintf_r.str1.1
                0x0801db48       0x11 /opt/st/stm32cubeide_1.17.0/plugins/com.st.stm32cube.ide.mcu.externaltools.gnu-tools-for-stm32.12.3.rel1.linux64_1.1.0.202410170702/tools/bin/../lib/gcc/arm-none-eabi/12.3.1/../../../../arm-none-eabi/lib/thumb/v7e-m+fp/hard/libc_nano.a(libc_a-nano-vfprintf.o)
 .rodata._printf_i.str1.1
                0x0801db59       0x22 /opt/st/stm32cubeide_1.17.0/plugins/com.st.stm32cube.ide.mcu.externaltools.gnu-tools-for-stm32.12.3.rel1.linux64_1.1.0.202410170702/tools/bin/../lib/gcc/arm-none-eabi/12.3.1/../../../../arm-none-eabi/lib/thumb/v7e-m+fp/hard/libc_nano.a(libc_a-nano-vfprintf_i.o)
                0x0801db7c                        . = ALIGN (0x4)
 *fill*         0x0801db7b        0x1 

.ARM.extab      0x0801db7c        0x0
                0x0801db7c                        . = ALIGN (0x4)
 *(.ARM.extab* .gnu.linkonce.armextab.*)
                0x0801db7c                        . = ALIGN (0x4)

.ARM            0x0801db7c        0x8
                0x0801db7c                        . = ALIGN (0x4)
                0x0801db7c                        __exidx_start = .
 *(.ARM.exidx*)
 .ARM.exidx     0x0801db7c        0x8 /opt/st/stm32cubeide_1.17.0/plugins/com.st.stm32cube.ide.mcu.externaltools.gnu-tools-for-stm32.12.3.rel1.linux64_1.1.0.202410170702/tools/bin/../lib/gcc/arm-none-eabi/12.3.1/../../../../arm-none-eabi/lib/thumb/v7e-m+fp/hard/libc_nano.a(libc_a-memchr.o)
 .ARM.exidx     0x0801db84        0x0 /opt/st/stm32cubeide_1.17.0/plugins/com.st.stm32cube.ide.mcu.externaltools.gnu-tools-for-stm32.12.3.rel1.linux64_1.1.0.202410170702/tools/bin/../lib/gcc/arm-none-eabi/12.3.1/thumb/v7e-m+fp/hard/libgcc.a(_udivmoddi4.o)
                                  0x8 (size before relaxing)
                0x0801db84                        __exidx_end = .
                0x0801db84                        . = ALIGN (0x4)

.preinit_array  0x0801db84        0x0
                0x0801db84                        . = ALIGN (0x4)
                0x0801db84                        PROVIDE (__preinit_array_start = .)
 *(.preinit_array*)
                0x0801db84                        PROVIDE (__preinit_array_end = .)
                0x0801db84                        . = ALIGN (0x4)

.init_array     0x0801db84        0x4
                0x0801db84                        . = ALIGN (0x4)
                0x0801db84                        PROVIDE (__init_array_start = .)
 *(SORT_BY_NAME(.init_array.*))
 *(.init_array*)
 .init_array    0x0801db84        0x4 /opt/st/stm32cubeide_1.17.0/plugins/com.st.stm32cube.ide.mcu.externaltools.gnu-tools-for-stm32.12.3.rel1.linux64_1.1.0.202410170702/tools/bin/../lib/gcc/arm-none-eabi/12.3.1/thumb/v7e-m+fp/hard/crtbegin.o
                0x0801db88                        PROVIDE (__init_array_end = .)
                0x0801db88                        . = ALIGN (0x4)

.fini_array     0x0801db88        0x4
                0x0801db88                        . = ALIGN (0x4)
                [!provide]                        PROVIDE (__fini_array_start = .)
 *(SORT_BY_NAME(.fini_array.*))
 *(.fini_array*)
 .fini_array    0x0801db88        0x4 /opt/st/stm32cubeide_1.17.0/plugins/com.st.stm32cube.ide.mcu.externaltools.gnu-tools-for-stm32.12.3.rel1.linux64_1.1.0.202410170702/tools/bin/../lib/gcc/arm-none-eabi/12.3.1/thumb/v7e-m+fp/hard/crtbegin.o
                [!provide]                        PROVIDE (__fini_array_end = .)
                0x0801db8c                        . = ALIGN (0x4)
                0x0801db8c                        _sidata = LOADADDR (.data)

.rel.dyn        0x0801db8c        0x0
 .rel.iplt      0x0801db8c        0x0 /opt/st/stm32cubeide_1.17.0/plugins/com.st.stm32cube.ide.mcu.externaltools.gnu-tools-for-stm32.12.3.rel1.linux64_1.1.0.202410170702/tools/bin/../lib/gcc/arm-none-eabi/12.3.1/thumb/v7e-m+fp/hard/crtbegin.o

.data           0x20000000       0xa4 load address 0x0801db8c
                0x20000000                        . = ALIGN (0x4)
                0x20000000                        _sdata = .
 *(.data)
 *(.data*)
 .data.COM_USART
                0x20000000        0x4 ./Application/User/stm32f4xx_nucleo.o
                0x20000000                COM_USART
 .data.VL53L8CX_RANGING_SENSOR_Driver
                0x20000004       0x38 ./Drivers/BSP/Components/vl53l8cx.o
                0x20000004                VL53L8CX_RANGING_SENSOR_Driver
 .data.SystemCoreClock
                0x2000003c        0x4 ./Drivers/CMSIS/system_stm32f4xx.o
                0x2000003c                SystemCoreClock
 .data.uwTickPrio
                0x20000040        0x4 ./Drivers/STM32F4xx_HAL_Driver/stm32f4xx_hal.o
                0x20000040                uwTickPrio
 .data.uwTickFreq
                0x20000044        0x1 ./Drivers/STM32F4xx_HAL_Driver/stm32f4xx_hal.o
                0x20000044                uwTickFreq
 *fill*         0x20000045        0x3 
 .data.__sglue  0x20000048        0xc /opt/st/stm32cubeide_1.17.0/plugins/com.st.stm32cube.ide.mcu.externaltools.gnu-tools-for-stm32.12.3.rel1.linux64_1.1.0.202410170702/tools/bin/../lib/gcc/arm-none-eabi/12.3.1/../../../../arm-none-eabi/lib/thumb/v7e-m+fp/hard/libc_nano.a(libc_a-findfp.o)
                0x20000048                __sglue
 .data._impure_ptr
                0x20000054        0x4 /opt/st/stm32cubeide_1.17.0/plugins/com.st.stm32cube.ide.mcu.externaltools.gnu-tools-for-stm32.12.3.rel1.linux64_1.1.0.202410170702/tools/bin/../lib/gcc/arm-none-eabi/12.3.1/../../../../arm-none-eabi/lib/thumb/v7e-m+fp/hard/libc_nano.a(libc_a-impure.o)
                0x20000054                _impure_ptr
 .data._impure_data
                0x20000058       0x4c /opt/st/stm32cubeide_1.17.0/plugins/com.st.stm32cube.ide.mcu.externaltools.gnu-tools-for-stm32.12.3.rel1.linux64_1.1.0.202410170702/tools/bin/../lib/gcc/arm-none-eabi/12.3.1/../../../../arm-none-eabi/lib/thumb/v7e-m+fp/hard/libc_nano.a(libc_a-impure.o)
                0x20000058                _impure_data
 *(.RamFunc)
 *(.RamFunc*)
                0x200000a4                        . = ALIGN (0x4)
                0x200000a4                        _edata = .

.igot.plt       0x200000a4        0x0 load address 0x0801dc30
 .igot.plt      0x200000a4        0x0 /opt/st/stm32cubeide_1.17.0/plugins/com.st.stm32cube.ide.mcu.externaltools.gnu-tools-for-stm32.12.3.rel1.linux64_1.1.0.202410170702/tools/bin/../lib/gcc/arm-none-eabi/12.3.1/thumb/v7e-m+fp/hard/crtbegin.o
                0x200000a4                        . = ALIGN (0x4)

.bss            0x200000a4     0x1a8c load address 0x0801dc30
                0x200000a4                        _sbss = .
                0x200000a4                        __bss_start__ = _sbss
 *(.bss)
 .bss           0x200000a4       0x1c /opt/st/stm32cubeide_1.17.0/plugins/com.st.stm32cube.ide.mcu.externaltools.gnu-tools-for-stm32.12.3.rel1.linux64_1.1.0.202410170702/tools/bin/../lib/gcc/arm-none-eabi/12.3.1/thumb/v7e-m+fp/hard/crtbegin.o
 *(.bss*)
 .bss.Cap       0x200000c0       0x10 ./Application/User/app_tof.o
 .bss.Profile   0x200000d0       0x14 ./Application/User/app_tof.o
 .bss.status    0x200000e4        0x4 ./Application/User/app_tof.o
 .bss.ToF_EventDetected
                0x200000e8        0x1 ./Application/User/app_tof.o
                0x200000e8                ToF_EventDetected
 *fill*         0x200000e9        0x3 
 .bss.Result.0  0x200000ec      0x504 ./Application/User/app_tof.o
 .bss.CUSTOM_RANGING_CompObj
                0x200005f0        0x4 ./Application/User/custom_ranging_sensor.o
                0x200005f0                CUSTOM_RANGING_CompObj
 .bss.CUSTOM_RANGING_Drv
                0x200005f4        0x4 ./Application/User/custom_ranging_sensor.o
 .bss.RANGING_SENSOR_Cap
                0x200005f8       0x10 ./Application/User/custom_ranging_sensor.o
 .bss.VL53L8CXObj.0
                0x20000608      0xae0 ./Application/User/custom_ranging_sensor.o
 .bss.hcom_uart
                0x200010e8       0x48 ./Application/User/stm32f4xx_nucleo.o
                0x200010e8                hcom_uart
 .bss.COM_ActiveLogPort
                0x20001130        0x1 ./Application/User/stm32f4xx_nucleo.o
 *fill*         0x20001131        0x3 
 .bss.hi2c1     0x20001134       0x54 ./Application/User/stm32f4xx_nucleo_bus.o
                0x20001134                hi2c1
 .bss.I2C1InitCounter
                0x20001188        0x4 ./Application/User/stm32f4xx_nucleo_bus.o
 .bss.__sbrk_heap_end
                0x2000118c        0x4 ./Application/User/sysmem.o
 .bss.thresholds.1
                0x20001190      0x300 ./Drivers/BSP/Components/vl53l8cx.o
 .bss.data.0    0x20001490      0x550 ./Drivers/BSP/Components/vl53l8cx.o
 .bss.uwTick    0x200019e0        0x4 ./Drivers/STM32F4xx_HAL_Driver/stm32f4xx_hal.o
                0x200019e0                uwTick
 .bss.__sf      0x200019e4      0x138 /opt/st/stm32cubeide_1.17.0/plugins/com.st.stm32cube.ide.mcu.externaltools.gnu-tools-for-stm32.12.3.rel1.linux64_1.1.0.202410170702/tools/bin/../lib/gcc/arm-none-eabi/12.3.1/../../../../arm-none-eabi/lib/thumb/v7e-m+fp/hard/libc_nano.a(libc_a-findfp.o)
                0x200019e4                __sf
 .bss.__stdio_exit_handler
                0x20001b1c        0x4 /opt/st/stm32cubeide_1.17.0/plugins/com.st.stm32cube.ide.mcu.externaltools.gnu-tools-for-stm32.12.3.rel1.linux64_1.1.0.202410170702/tools/bin/../lib/gcc/arm-none-eabi/12.3.1/../../../../arm-none-eabi/lib/thumb/v7e-m+fp/hard/libc_nano.a(libc_a-findfp.o)
                0x20001b1c                __stdio_exit_handler
 .bss.errno     0x20001b20        0x4 /opt/st/stm32cubeide_1.17.0/plugins/com.st.stm32cube.ide.mcu.externaltools.gnu-tools-for-stm32.12.3.rel1.linux64_1.1.0.202410170702/tools/bin/../lib/gcc/arm-none-eabi/12.3.1/../../../../arm-none-eabi/lib/thumb/v7e-m+fp/hard/libc_nano.a(libc_a-reent.o)
                0x20001b20                errno
 .bss.__lock___malloc_recursive_mutex
                0x20001b24        0x1 /opt/st/stm32cubeide_1.17.0/plugins/com.st.stm32cube.ide.mcu.externaltools.gnu-tools-for-stm32.12.3.rel1.linux64_1.1.0.202410170702/tools/bin/../lib/gcc/arm-none-eabi/12.3.1/../../../../arm-none-eabi/lib/thumb/v7e-m+fp/hard/libc_nano.a(libc_a-lock.o)
                0x20001b24                __lock___malloc_recursive_mutex
 .bss.__lock___sfp_recursive_mutex
                0x20001b25        0x1 /opt/st/stm32cubeide_1.17.0/plugins/com.st.stm32cube.ide.mcu.externaltools.gnu-tools-for-stm32.12.3.rel1.linux64_1.1.0.202410170702/tools/bin/../lib/gcc/arm-none-eabi/12.3.1/../../../../arm-none-eabi/lib/thumb/v7e-m+fp/hard/libc_nano.a(libc_a-lock.o)
                0x20001b25                __lock___sfp_recursive_mutex
 *fill*         0x20001b26        0x2 
 .bss.__malloc_sbrk_start
                0x20001b28        0x4 /opt/st/stm32cubeide_1.17.0/plugins/com.st.stm32cube.ide.mcu.externaltools.gnu-tools-for-stm32.12.3.rel1.linux64_1.1.0.202410170702/tools/bin/../lib/gcc/arm-none-eabi/12.3.1/../../../../arm-none-eabi/lib/thumb/v7e-m+fp/hard/libc_nano.a(libc_a-mallocr.o)
                0x20001b28                __malloc_sbrk_start
 .bss.__malloc_free_list
                0x20001b2c        0x4 /opt/st/stm32cubeide_1.17.0/plugins/com.st.stm32cube.ide.mcu.externaltools.gnu-tools-for-stm32.12.3.rel1.linux64_1.1.0.202410170702/tools/bin/../lib/gcc/arm-none-eabi/12.3.1/../../../../arm-none-eabi/lib/thumb/v7e-m+fp/hard/libc_nano.a(libc_a-mallocr.o)
                0x20001b2c                __malloc_free_list
 *(COMMON)
                0x20001b30                        . = ALIGN (0x4)
                0x20001b30                        _ebss = .
                0x20001b30                        __bss_end__ = _ebss

._user_heap_stack
                0x20001b30      0xa00 load address 0x0801dc30
                0x20001b30                        . = ALIGN (0x8)
                [!provide]                        PROVIDE (end = .)
                0x20001b30                        PROVIDE (_end = .)
                0x20001d30                        . = (. + _Min_Heap_Size)
 *fill*         0x20001b30      0x200 
                0x20002530                        . = (. + _Min_Stack_Size)
 *fill*         0x20001d30      0x800 
                0x20002530                        . = ALIGN (0x8)

/DISCARD/
 libc.a(*)
 libm.a(*)
 libgcc.a(*)

.ARM.attributes
                0x00000000       0x30
 *(.ARM.attributes)
 .ARM.attributes
                0x00000000       0x22 /opt/st/stm32cubeide_1.17.0/plugins/com.st.stm32cube.ide.mcu.externaltools.gnu-tools-for-stm32.12.3.rel1.linux64_1.1.0.202410170702/tools/bin/../lib/gcc/arm-none-eabi/12.3.1/thumb/v7e-m+fp/hard/crti.o
 .ARM.attributes
                0x00000022       0x34 /opt/st/stm32cubeide_1.17.0/plugins/com.st.stm32cube.ide.mcu.externaltools.gnu-tools-for-stm32.12.3.rel1.linux64_1.1.0.202410170702/tools/bin/../lib/gcc/arm-none-eabi/12.3.1/thumb/v7e-m+fp/hard/crtbegin.o
 .ARM.attributes
                0x00000056       0x21 ./Application/Startup/startup_stm32f401retx.o
 .ARM.attributes
                0x00000077       0x34 ./Application/User/app_tof.o
 .ARM.attributes
                0x000000ab       0x34 ./Application/User/app_tof_pin_conf.o
 .ARM.attributes
                0x000000df       0x34 ./Application/User/custom_ranging_sensor.o
 .ARM.attributes
                0x00000113       0x34 ./Application/User/main.o
 .ARM.attributes
                0x00000147       0x34 ./Application/User/stm32f4xx_hal_msp.o
 .ARM.attributes
                0x0000017b       0x34 ./Application/User/stm32f4xx_it.o
 .ARM.attributes
                0x000001af       0x34 ./Application/User/stm32f4xx_nucleo.o
 .ARM.attributes
                0x000001e3       0x34 ./Application/User/stm32f4xx_nucleo_bus.o
 .ARM.attributes
                0x00000217       0x34 ./Application/User/syscalls.o
 .ARM.attributes
                0x0000024b       0x34 ./Application/User/sysmem.o
 .ARM.attributes
                0x0000027f       0x34 ./Drivers/BSP/Components/platform.o
 .ARM.attributes
                0x000002b3       0x34 ./Drivers/BSP/Components/vl53l8cx.o
 .ARM.attributes
                0x000002e7       0x34 ./Drivers/BSP/Components/vl53l8cx_api.o
 .ARM.attributes
                0x0000031b       0x34 ./Drivers/BSP/Components/vl53l8cx_plugin_detection_thresholds.o
 .ARM.attributes
                0x0000034f       0x34 ./Drivers/CMSIS/system_stm32f4xx.o
 .ARM.attributes
                0x00000383       0x34 ./Drivers/STM32F4xx_HAL_Driver/stm32f4xx_hal.o
 .ARM.attributes
                0x000003b7       0x34 ./Drivers/STM32F4xx_HAL_Driver/stm32f4xx_hal_cortex.o
 .ARM.attributes
                0x000003eb       0x34 ./Drivers/STM32F4xx_HAL_Driver/stm32f4xx_hal_gpio.o
 .ARM.attributes
                0x0000041f       0x34 ./Drivers/STM32F4xx_HAL_Driver/stm32f4xx_hal_i2c.o
 .ARM.attributes
                0x00000453       0x34 ./Drivers/STM32F4xx_HAL_Driver/stm32f4xx_hal_rcc.o
 .ARM.attributes
                0x00000487       0x34 ./Drivers/STM32F4xx_HAL_Driver/stm32f4xx_hal_uart.o
 .ARM.attributes
                0x000004bb       0x34 /opt/st/stm32cubeide_1.17.0/plugins/com.st.stm32cube.ide.mcu.externaltools.gnu-tools-for-stm32.12.3.rel1.linux64_1.1.0.202410170702/tools/bin/../lib/gcc/arm-none-eabi/12.3.1/../../../../arm-none-eabi/lib/thumb/v7e-m+fp/hard/libc_nano.a(libc_a-findfp.o)
 .ARM.attributes
                0x000004ef       0x34 /opt/st/stm32cubeide_1.17.0/plugins/com.st.stm32cube.ide.mcu.externaltools.gnu-tools-for-stm32.12.3.rel1.linux64_1.1.0.202410170702/tools/bin/../lib/gcc/arm-none-eabi/12.3.1/../../../../arm-none-eabi/lib/thumb/v7e-m+fp/hard/libc_nano.a(libc_a-fwalk.o)
 .ARM.attributes
                0x00000523       0x34 /opt/st/stm32cubeide_1.17.0/plugins/com.st.stm32cube.ide.mcu.externaltools.gnu-tools-for-stm32.12.3.rel1.linux64_1.1.0.202410170702/tools/bin/../lib/gcc/arm-none-eabi/12.3.1/../../../../arm-none-eabi/lib/thumb/v7e-m+fp/hard/libc_nano.a(libc_a-printf.o)
 .ARM.attributes
                0x00000557       0x34 /opt/st/stm32cubeide_1.17.0/plugins/com.st.stm32cube.ide.mcu.externaltools.gnu-tools-for-stm32.12.3.rel1.linux64_1.1.0.202410170702/tools/bin/../lib/gcc/arm-none-eabi/12.3.1/../../../../arm-none-eabi/lib/thumb/v7e-m+fp/hard/libc_nano.a(libc_a-putchar.o)
 .ARM.attributes
                0x0000058b       0x34 /opt/st/stm32cubeide_1.17.0/plugins/com.st.stm32cube.ide.mcu.externaltools.gnu-tools-for-stm32.12.3.rel1.linux64_1.1.0.202410170702/tools/bin/../lib/gcc/arm-none-eabi/12.3.1/../../../../arm-none-eabi/lib/thumb/v7e-m+fp/hard/libc_nano.a(libc_a-puts.o)
 .ARM.attributes
                0x000005bf       0x34 /opt/st/stm32cubeide_1.17.0/plugins/com.st.stm32cube.ide.mcu.externaltools.gnu-tools-for-stm32.12.3.rel1.linux64_1.1.0.202410170702/tools/bin/../lib/gcc/arm-none-eabi/12.3.1/../../../../arm-none-eabi/lib/thumb/v7e-m+fp/hard/libc_nano.a(libc_a-stdio.o)
 .ARM.attributes
                0x000005f3       0x34 /opt/st/stm32cubeide_1.17.0/plugins/com.st.stm32cube.ide.mcu.externaltools.gnu-tools-for-stm32.12.3.rel1.linux64_1.1.0.202410170702/tools/bin/../lib/gcc/arm-none-eabi/12.3.1/../../../../arm-none-eabi/lib/thumb/v7e-m+fp/hard/libc_nano.a(libc_a-wbuf.o)
 .ARM.attributes
                0x00000627       0x34 /opt/st/stm32cubeide_1.17.0/plugins/com.st.stm32cube.ide.mcu.externaltools.gnu-tools-for-stm32.12.3.rel1.linux64_1.1.0.202410170702/tools/bin/../lib/gcc/arm-none-eabi/12.3.1/../../../../arm-none-eabi/lib/thumb/v7e-m+fp/hard/libc_nano.a(libc_a-wsetup.o)
 .ARM.attributes
                0x0000065b       0x34 /opt/st/stm32cubeide_1.17.0/plugins/com.st.stm32cube.ide.mcu.externaltools.gnu-tools-for-stm32.12.3.rel1.linux64_1.1.0.202410170702/tools/bin/../lib/gcc/arm-none-eabi/12.3.1/../../../../arm-none-eabi/lib/thumb/v7e-m+fp/hard/libc_nano.a(libc_a-memset.o)
 .ARM.attributes
                0x0000068f       0x34 /opt/st/stm32cubeide_1.17.0/plugins/com.st.stm32cube.ide.mcu.externaltools.gnu-tools-for-stm32.12.3.rel1.linux64_1.1.0.202410170702/tools/bin/../lib/gcc/arm-none-eabi/12.3.1/../../../../arm-none-eabi/lib/thumb/v7e-m+fp/hard/libc_nano.a(libc_a-closer.o)
 .ARM.attributes
                0x000006c3       0x34 /opt/st/stm32cubeide_1.17.0/plugins/com.st.stm32cube.ide.mcu.externaltools.gnu-tools-for-stm32.12.3.rel1.linux64_1.1.0.202410170702/tools/bin/../lib/gcc/arm-none-eabi/12.3.1/../../../../arm-none-eabi/lib/thumb/v7e-m+fp/hard/libc_nano.a(libc_a-reent.o)
 .ARM.attributes
                0x000006f7       0x34 /opt/st/stm32cubeide_1.17.0/plugins/com.st.stm32cube.ide.mcu.externaltools.gnu-tools-for-stm32.12.3.rel1.linux64_1.1.0.202410170702/tools/bin/../lib/gcc/arm-none-eabi/12.3.1/../../../../arm-none-eabi/lib/thumb/v7e-m+fp/hard/libc_nano.a(libc_a-impure.o)
 .ARM.attributes
                0x0000072b       0x34 /opt/st/stm32cubeide_1.17.0/plugins/com.st.stm32cube.ide.mcu.externaltools.gnu-tools-for-stm32.12.3.rel1.linux64_1.1.0.202410170702/tools/bin/../lib/gcc/arm-none-eabi/12.3.1/../../../../arm-none-eabi/lib/thumb/v7e-m+fp/hard/libc_nano.a(libc_a-lseekr.o)
 .ARM.attributes
                0x0000075f       0x34 /opt/st/stm32cubeide_1.17.0/plugins/com.st.stm32cube.ide.mcu.externaltools.gnu-tools-for-stm32.12.3.rel1.linux64_1.1.0.202410170702/tools/bin/../lib/gcc/arm-none-eabi/12.3.1/../../../../arm-none-eabi/lib/thumb/v7e-m+fp/hard/libc_nano.a(libc_a-readr.o)
 .ARM.attributes
                0x00000793       0x34 /opt/st/stm32cubeide_1.17.0/plugins/com.st.stm32cube.ide.mcu.externaltools.gnu-tools-for-stm32.12.3.rel1.linux64_1.1.0.202410170702/tools/bin/../lib/gcc/arm-none-eabi/12.3.1/../../../../arm-none-eabi/lib/thumb/v7e-m+fp/hard/libc_nano.a(libc_a-writer.o)
 .ARM.attributes
                0x000007c7       0x34 /opt/st/stm32cubeide_1.17.0/plugins/com.st.stm32cube.ide.mcu.externaltools.gnu-tools-for-stm32.12.3.rel1.linux64_1.1.0.202410170702/tools/bin/../lib/gcc/arm-none-eabi/12.3.1/../../../../arm-none-eabi/lib/thumb/v7e-m+fp/hard/libc_nano.a(libc_a-errno.o)
 .ARM.attributes
                0x000007fb       0x34 /opt/st/stm32cubeide_1.17.0/plugins/com.st.stm32cube.ide.mcu.externaltools.gnu-tools-for-stm32.12.3.rel1.linux64_1.1.0.202410170702/tools/bin/../lib/gcc/arm-none-eabi/12.3.1/../../../../arm-none-eabi/lib/thumb/v7e-m+fp/hard/libc_nano.a(libc_a-init.o)
 .ARM.attributes
                0x0000082f       0x34 /opt/st/stm32cubeide_1.17.0/plugins/com.st.stm32cube.ide.mcu.externaltools.gnu-tools-for-stm32.12.3.rel1.linux64_1.1.0.202410170702/tools/bin/../lib/gcc/arm-none-eabi/12.3.1/../../../../arm-none-eabi/lib/thumb/v7e-m+fp/hard/libc_nano.a(libc_a-lock.o)
 .ARM.attributes
                0x00000863       0x34 /opt/st/stm32cubeide_1.17.0/plugins/com.st.stm32cube.ide.mcu.externaltools.gnu-tools-for-stm32.12.3.rel1.linux64_1.1.0.202410170702/tools/bin/../lib/gcc/arm-none-eabi/12.3.1/../../../../arm-none-eabi/lib/thumb/v7e-m+fp/hard/libc_nano.a(libc_a-memcpy-stub.o)
 .ARM.attributes
                0x00000897       0x34 /opt/st/stm32cubeide_1.17.0/plugins/com.st.stm32cube.ide.mcu.externaltools.gnu-tools-for-stm32.12.3.rel1.linux64_1.1.0.202410170702/tools/bin/../lib/gcc/arm-none-eabi/12.3.1/../../../../arm-none-eabi/lib/thumb/v7e-m+fp/hard/libc_nano.a(libc_a-freer.o)
 .ARM.attributes
                0x000008cb       0x34 /opt/st/stm32cubeide_1.17.0/plugins/com.st.stm32cube.ide.mcu.externaltools.gnu-tools-for-stm32.12.3.rel1.linux64_1.1.0.202410170702/tools/bin/../lib/gcc/arm-none-eabi/12.3.1/../../../../arm-none-eabi/lib/thumb/v7e-m+fp/hard/libc_nano.a(libc_a-mallocr.o)
 .ARM.attributes
                0x000008ff       0x34 /opt/st/stm32cubeide_1.17.0/plugins/com.st.stm32cube.ide.mcu.externaltools.gnu-tools-for-stm32.12.3.rel1.linux64_1.1.0.202410170702/tools/bin/../lib/gcc/arm-none-eabi/12.3.1/../../../../arm-none-eabi/lib/thumb/v7e-m+fp/hard/libc_nano.a(libc_a-mlock.o)
 .ARM.attributes
                0x00000933       0x34 /opt/st/stm32cubeide_1.17.0/plugins/com.st.stm32cube.ide.mcu.externaltools.gnu-tools-for-stm32.12.3.rel1.linux64_1.1.0.202410170702/tools/bin/../lib/gcc/arm-none-eabi/12.3.1/../../../../arm-none-eabi/lib/thumb/v7e-m+fp/hard/libc_nano.a(libc_a-nano-vfprintf.o)
 .ARM.attributes
                0x00000967       0x34 /opt/st/stm32cubeide_1.17.0/plugins/com.st.stm32cube.ide.mcu.externaltools.gnu-tools-for-stm32.12.3.rel1.linux64_1.1.0.202410170702/tools/bin/../lib/gcc/arm-none-eabi/12.3.1/../../../../arm-none-eabi/lib/thumb/v7e-m+fp/hard/libc_nano.a(libc_a-nano-vfprintf_i.o)
 .ARM.attributes
                0x0000099b       0x34 /opt/st/stm32cubeide_1.17.0/plugins/com.st.stm32cube.ide.mcu.externaltools.gnu-tools-for-stm32.12.3.rel1.linux64_1.1.0.202410170702/tools/bin/../lib/gcc/arm-none-eabi/12.3.1/../../../../arm-none-eabi/lib/thumb/v7e-m+fp/hard/libc_nano.a(libc_a-fflush.o)
 .ARM.attributes
                0x000009cf       0x34 /opt/st/stm32cubeide_1.17.0/plugins/com.st.stm32cube.ide.mcu.externaltools.gnu-tools-for-stm32.12.3.rel1.linux64_1.1.0.202410170702/tools/bin/../lib/gcc/arm-none-eabi/12.3.1/../../../../arm-none-eabi/lib/thumb/v7e-m+fp/hard/libc_nano.a(libc_a-makebuf.o)
 .ARM.attributes
                0x00000a03       0x34 /opt/st/stm32cubeide_1.17.0/plugins/com.st.stm32cube.ide.mcu.externaltools.gnu-tools-for-stm32.12.3.rel1.linux64_1.1.0.202410170702/tools/bin/../lib/gcc/arm-none-eabi/12.3.1/../../../../arm-none-eabi/lib/thumb/v7e-m+fp/hard/libc_nano.a(libc_a-putc.o)
 .ARM.attributes
                0x00000a37       0x34 /opt/st/stm32cubeide_1.17.0/plugins/com.st.stm32cube.ide.mcu.externaltools.gnu-tools-for-stm32.12.3.rel1.linux64_1.1.0.202410170702/tools/bin/../lib/gcc/arm-none-eabi/12.3.1/../../../../arm-none-eabi/lib/thumb/v7e-m+fp/hard/libc_nano.a(libc_a-fstatr.o)
 .ARM.attributes
                0x00000a6b       0x34 /opt/st/stm32cubeide_1.17.0/plugins/com.st.stm32cube.ide.mcu.externaltools.gnu-tools-for-stm32.12.3.rel1.linux64_1.1.0.202410170702/tools/bin/../lib/gcc/arm-none-eabi/12.3.1/../../../../arm-none-eabi/lib/thumb/v7e-m+fp/hard/libc_nano.a(libc_a-isattyr.o)
 .ARM.attributes
                0x00000a9f       0x34 /opt/st/stm32cubeide_1.17.0/plugins/com.st.stm32cube.ide.mcu.externaltools.gnu-tools-for-stm32.12.3.rel1.linux64_1.1.0.202410170702/tools/bin/../lib/gcc/arm-none-eabi/12.3.1/../../../../arm-none-eabi/lib/thumb/v7e-m+fp/hard/libc_nano.a(libc_a-sbrkr.o)
 .ARM.attributes
                0x00000ad3       0x1c /opt/st/stm32cubeide_1.17.0/plugins/com.st.stm32cube.ide.mcu.externaltools.gnu-tools-for-stm32.12.3.rel1.linux64_1.1.0.202410170702/tools/bin/../lib/gcc/arm-none-eabi/12.3.1/../../../../arm-none-eabi/lib/thumb/v7e-m+fp/hard/libc_nano.a(libc_a-memchr.o)
 .ARM.attributes
                0x00000aef       0x22 /opt/st/stm32cubeide_1.17.0/plugins/com.st.stm32cube.ide.mcu.externaltools.gnu-tools-for-stm32.12.3.rel1.linux64_1.1.0.202410170702/tools/bin/../lib/gcc/arm-none-eabi/12.3.1/thumb/v7e-m+fp/hard/libgcc.a(_aeabi_uldivmod.o)
 .ARM.attributes
                0x00000b11       0x34 /opt/st/stm32cubeide_1.17.0/plugins/com.st.stm32cube.ide.mcu.externaltools.gnu-tools-for-stm32.12.3.rel1.linux64_1.1.0.202410170702/tools/bin/../lib/gcc/arm-none-eabi/12.3.1/thumb/v7e-m+fp/hard/libgcc.a(_udivmoddi4.o)
 .ARM.attributes
                0x00000b45       0x22 /opt/st/stm32cubeide_1.17.0/plugins/com.st.stm32cube.ide.mcu.externaltools.gnu-tools-for-stm32.12.3.rel1.linux64_1.1.0.202410170702/tools/bin/../lib/gcc/arm-none-eabi/12.3.1/thumb/v7e-m+fp/hard/libgcc.a(_dvmd_tls.o)
 .ARM.attributes
                0x00000b67       0x22 /opt/st/stm32cubeide_1.17.0/plugins/com.st.stm32cube.ide.mcu.externaltools.gnu-tools-for-stm32.12.3.rel1.linux64_1.1.0.202410170702/tools/bin/../lib/gcc/arm-none-eabi/12.3.1/thumb/v7e-m+fp/hard/crtn.o
OUTPUT(VL53L8CX_SimpleRanging.elf elf32-littlearm)
LOAD linker stubs
LOAD /opt/st/stm32cubeide_1.17.0/plugins/com.st.stm32cube.ide.mcu.externaltools.gnu-tools-for-stm32.12.3.rel1.linux64_1.1.0.202410170702/tools/bin/../lib/gcc/arm-none-eabi/12.3.1/../../../../arm-none-eabi/lib/thumb/v7e-m+fp/hard/libc.a
LOAD /opt/st/stm32cubeide_1.17.0/plugins/com.st.stm32cube.ide.mcu.externaltools.gnu-tools-for-stm32.12.3.rel1.linux64_1.1.0.202410170702/tools/bin/../lib/gcc/arm-none-eabi/12.3.1/../../../../arm-none-eabi/lib/thumb/v7e-m+fp/hard/libm.a
LOAD /opt/st/stm32cubeide_1.17.0/plugins/com.st.stm32cube.ide.mcu.externaltools.gnu-tools-for-stm32.12.3.rel1.linux64_1.1.0.202410170702/tools/bin/../lib/gcc/arm-none-eabi/12.3.1/thumb/v7e-m+fp/hard/libgcc.a

.debug_line     0x00000000    0x12627
 .debug_line    0x00000000       0x7a ./Application/Startup/startup_stm32f401retx.o
 .debug_line    0x0000007a      0xcec ./Application/User/app_tof.o
 .debug_line    0x00000d66      0x755 ./Application/User/app_tof_pin_conf.o
 .debug_line    0x000014bb      0xd59 ./Application/User/custom_ranging_sensor.o
 .debug_line    0x00002214      0x86b ./Application/User/main.o
 .debug_line    0x00002a7f      0x796 ./Application/User/stm32f4xx_hal_msp.o
 .debug_line    0x00003215      0x888 ./Application/User/stm32f4xx_it.o
 .debug_line    0x00003a9d      0x8e0 ./Application/User/stm32f4xx_nucleo.o
 .debug_line    0x0000437d      0x9bf ./Application/User/stm32f4xx_nucleo_bus.o
 .debug_line    0x00004d3c      0x7e5 ./Application/User/syscalls.o
 .debug_line    0x00005521      0x4b6 ./Application/User/sysmem.o
 .debug_line    0x000059d7      0x632 ./Drivers/BSP/Components/platform.o
 .debug_line    0x00006009      0xc6e ./Drivers/BSP/Components/vl53l8cx.o
 .debug_line    0x00006c77     0x1635 ./Drivers/BSP/Components/vl53l8cx_api.o
 .debug_line    0x000082ac      0x81f ./Drivers/BSP/Components/vl53l8cx_plugin_detection_thresholds.o
 .debug_line    0x00008acb      0x7cd ./Drivers/CMSIS/system_stm32f4xx.o
 .debug_line    0x00009298      0x9fd ./Drivers/STM32F4xx_HAL_Driver/stm32f4xx_hal.o
 .debug_line    0x00009c95      0xcc3 ./Drivers/STM32F4xx_HAL_Driver/stm32f4xx_hal_cortex.o
 .debug_line    0x0000a958      0xb4d ./Drivers/STM32F4xx_HAL_Driver/stm32f4xx_hal_gpio.o
 .debug_line    0x0000b4a5     0x3b43 ./Drivers/STM32F4xx_HAL_Driver/stm32f4xx_hal_i2c.o
 .debug_line    0x0000efe8      0xd70 ./Drivers/STM32F4xx_HAL_Driver/stm32f4xx_hal_rcc.o
 .debug_line    0x0000fd58     0x28cf ./Drivers/STM32F4xx_HAL_Driver/stm32f4xx_hal_uart.o

.debug_line_str
                0x00000000       0xc1
 .debug_line_str
                0x00000000       0xc1 ./Application/Startup/startup_stm32f401retx.o

.debug_info     0x00000000     0xf4e7
 .debug_info    0x00000000       0x30 ./Application/Startup/startup_stm32f401retx.o
 .debug_info    0x00000030      0xad7 ./Application/User/app_tof.o
 .debug_info    0x00000b07       0xdb ./Application/User/app_tof_pin_conf.o
 .debug_info    0x00000be2     0x10d6 ./Application/User/custom_ranging_sensor.o
 .debug_info    0x00001cb8      0x88a ./Application/User/main.o
 .debug_info    0x00002542      0x2a4 ./Application/User/stm32f4xx_hal_msp.o
 .debug_info    0x000027e6      0x15a ./Application/User/stm32f4xx_it.o
 .debug_info    0x00002940      0xb00 ./Application/User/stm32f4xx_nucleo.o
 .debug_info    0x00003440      0xdfa ./Application/User/stm32f4xx_nucleo_bus.o
 .debug_info    0x0000423a      0x6a3 ./Application/User/syscalls.o
 .debug_info    0x000048dd      0x168 ./Application/User/sysmem.o
 .debug_info    0x00004a45      0x335 ./Drivers/BSP/Components/platform.o
 .debug_info    0x00004d7a     0x1199 ./Drivers/BSP/Components/vl53l8cx.o
 .debug_info    0x00005f13     0x1299 ./Drivers/BSP/Components/vl53l8cx_api.o
 .debug_info    0x000071ac      0x519 ./Drivers/BSP/Components/vl53l8cx_plugin_detection_thresholds.o
 .debug_info    0x000076c5      0x53e ./Drivers/CMSIS/system_stm32f4xx.o
 .debug_info    0x00007c03      0x8bb ./Drivers/STM32F4xx_HAL_Driver/stm32f4xx_hal.o
 .debug_info    0x000084be      0xcc1 ./Drivers/STM32F4xx_HAL_Driver/stm32f4xx_hal_cortex.o
 .debug_info    0x0000917f      0x6f9 ./Drivers/STM32F4xx_HAL_Driver/stm32f4xx_hal_gpio.o
 .debug_info    0x00009878     0x2426 ./Drivers/STM32F4xx_HAL_Driver/stm32f4xx_hal_i2c.o
 .debug_info    0x0000bc9e      0x8f3 ./Drivers/STM32F4xx_HAL_Driver/stm32f4xx_hal_rcc.o
 .debug_info    0x0000c591     0x2f56 ./Drivers/STM32F4xx_HAL_Driver/stm32f4xx_hal_uart.o

.debug_abbrev   0x00000000     0x2a8c
 .debug_abbrev  0x00000000       0x24 ./Application/Startup/startup_stm32f401retx.o
 .debug_abbrev  0x00000024      0x2c1 ./Application/User/app_tof.o
 .debug_abbrev  0x000002e5       0x7f ./Application/User/app_tof_pin_conf.o
 .debug_abbrev  0x00000364      0x2d6 ./Application/User/custom_ranging_sensor.o
 .debug_abbrev  0x0000063a      0x229 ./Application/User/main.o
 .debug_abbrev  0x00000863       0xf4 ./Application/User/stm32f4xx_hal_msp.o
 .debug_abbrev  0x00000957       0xa0 ./Application/User/stm32f4xx_it.o
 .debug_abbrev  0x000009f7      0x2aa ./Application/User/stm32f4xx_nucleo.o
 .debug_abbrev  0x00000ca1      0x2b5 ./Application/User/stm32f4xx_nucleo_bus.o
 .debug_abbrev  0x00000f56      0x1b6 ./Application/User/syscalls.o
 .debug_abbrev  0x0000110c       0xbc ./Application/User/sysmem.o
 .debug_abbrev  0x000011c8      0x10c ./Drivers/BSP/Components/platform.o
 .debug_abbrev  0x000012d4      0x2b1 ./Drivers/BSP/Components/vl53l8cx.o
 .debug_abbrev  0x00001585      0x2b3 ./Drivers/BSP/Components/vl53l8cx_api.o
 .debug_abbrev  0x00001838      0x168 ./Drivers/BSP/Components/vl53l8cx_plugin_detection_thresholds.o
 .debug_abbrev  0x000019a0      0x11a ./Drivers/CMSIS/system_stm32f4xx.o
 .debug_abbrev  0x00001aba      0x24b ./Drivers/STM32F4xx_HAL_Driver/stm32f4xx_hal.o
 .debug_abbrev  0x00001d05      0x328 ./Drivers/STM32F4xx_HAL_Driver/stm32f4xx_hal_cortex.o
 .debug_abbrev  0x0000202d      0x1d3 ./Drivers/STM32F4xx_HAL_Driver/stm32f4xx_hal_gpio.o
 .debug_abbrev  0x00002200      0x2bc ./Drivers/STM32F4xx_HAL_Driver/stm32f4xx_hal_i2c.o
 .debug_abbrev  0x000024bc      0x2b5 ./Drivers/STM32F4xx_HAL_Driver/stm32f4xx_hal_rcc.o
 .debug_abbrev  0x00002771      0x31b ./Drivers/STM32F4xx_HAL_Driver/stm32f4xx_hal_uart.o

.debug_aranges  0x00000000      0xde0
 .debug_aranges
                0x00000000       0x28 ./Application/Startup/startup_stm32f401retx.o
 .debug_aranges
                0x00000028       0x78 ./Application/User/app_tof.o
 .debug_aranges
                0x000000a0       0x20 ./Application/User/app_tof_pin_conf.o
 .debug_aranges
                0x000000c0       0x98 ./Application/User/custom_ranging_sensor.o
 .debug_aranges
                0x00000158       0x38 ./Application/User/main.o
 .debug_aranges
                0x00000190       0x20 ./Application/User/stm32f4xx_hal_msp.o
 .debug_aranges
                0x000001b0       0x70 ./Application/User/stm32f4xx_it.o
 .debug_aranges
                0x00000220       0x58 ./Application/User/stm32f4xx_nucleo.o
 .debug_aranges
                0x00000278       0x80 ./Application/User/stm32f4xx_nucleo_bus.o
 .debug_aranges
                0x000002f8       0xa8 ./Application/User/syscalls.o
 .debug_aranges
                0x000003a0       0x20 ./Application/User/sysmem.o
 .debug_aranges
                0x000003c0       0x48 ./Drivers/BSP/Components/platform.o
 .debug_aranges
                0x00000408       0xb0 ./Drivers/BSP/Components/vl53l8cx.o
 .debug_aranges
                0x000004b8      0x118 ./Drivers/BSP/Components/vl53l8cx_api.o
 .debug_aranges
                0x000005d0       0x48 ./Drivers/BSP/Components/vl53l8cx_plugin_detection_thresholds.o
 .debug_aranges
                0x00000618       0x28 ./Drivers/CMSIS/system_stm32f4xx.o
 .debug_aranges
                0x00000640       0xf0 ./Drivers/STM32F4xx_HAL_Driver/stm32f4xx_hal.o
 .debug_aranges
                0x00000730      0x120 ./Drivers/STM32F4xx_HAL_Driver/stm32f4xx_hal_cortex.o
 .debug_aranges
                0x00000850       0x58 ./Drivers/STM32F4xx_HAL_Driver/stm32f4xx_hal_gpio.o
 .debug_aranges
                0x000008a8      0x2a8 ./Drivers/STM32F4xx_HAL_Driver/stm32f4xx_hal_i2c.o
 .debug_aranges
                0x00000b50       0x88 ./Drivers/STM32F4xx_HAL_Driver/stm32f4xx_hal_rcc.o
 .debug_aranges
                0x00000bd8      0x208 ./Drivers/STM32F4xx_HAL_Driver/stm32f4xx_hal_uart.o

.debug_str      0x00000000    0x8db42
 .debug_str     0x00000000       0xdd ./Application/Startup/startup_stm32f401retx.o
 .debug_str     0x000000dd    0x8763e ./Application/User/app_tof.o
                              0x87a0e (size before relaxing)
 .debug_str     0x0008771b      0x111 ./Application/User/app_tof_pin_conf.o
                              0x80b3d (size before relaxing)
 .debug_str     0x0008782c      0x59e ./Application/User/custom_ranging_sensor.o
                              0x86e90 (size before relaxing)
 .debug_str     0x00087dca      0x702 ./Application/User/main.o
                              0x81acc (size before relaxing)
 .debug_str     0x000884cc       0xc0 ./Application/User/stm32f4xx_hal_msp.o
                              0x8147d (size before relaxing)
 .debug_str     0x0008858c      0x17f ./Application/User/stm32f4xx_it.o
                              0x81427 (size before relaxing)
 .debug_str     0x0008870b      0x178 ./Application/User/stm32f4xx_nucleo.o
                              0x81a91 (size before relaxing)
 .debug_str     0x00088883      0x44f ./Application/User/stm32f4xx_nucleo_bus.o
                              0x8184f (size before relaxing)
 .debug_str     0x00088cd2     0x20a3 ./Application/User/syscalls.o
                               0x9913 (size before relaxing)
 .debug_str     0x0008ad75       0x73 ./Application/User/sysmem.o
                               0x612b (size before relaxing)
 .debug_str     0x0008ade8      0x116 ./Drivers/BSP/Components/platform.o
                               0x742c (size before relaxing)
 .debug_str     0x0008aefe      0x5aa ./Drivers/BSP/Components/vl53l8cx.o
                               0x9c46 (size before relaxing)
 .debug_str     0x0008b4a8      0x559 ./Drivers/BSP/Components/vl53l8cx_api.o
                               0x8b93 (size before relaxing)
 .debug_str     0x0008ba01      0x173 ./Drivers/BSP/Components/vl53l8cx_plugin_detection_thresholds.o
                               0x885d (size before relaxing)
 .debug_str     0x0008bb74      0x152 ./Drivers/CMSIS/system_stm32f4xx.o
                              0x80c7a (size before relaxing)
 .debug_str     0x0008bcc6      0x613 ./Drivers/STM32F4xx_HAL_Driver/stm32f4xx_hal.o
                              0x81663 (size before relaxing)
 .debug_str     0x0008c2d9      0x38b ./Drivers/STM32F4xx_HAL_Driver/stm32f4xx_hal_cortex.o
                              0x8139a (size before relaxing)
 .debug_str     0x0008c664      0x126 ./Drivers/STM32F4xx_HAL_Driver/stm32f4xx_hal_gpio.o
                              0x80dbc (size before relaxing)
 .debug_str     0x0008c78a      0xb23 ./Drivers/STM32F4xx_HAL_Driver/stm32f4xx_hal_i2c.o
                              0x81c52 (size before relaxing)
 .debug_str     0x0008d2ad      0x251 ./Drivers/STM32F4xx_HAL_Driver/stm32f4xx_hal_rcc.o
                              0x81075 (size before relaxing)
 .debug_str     0x0008d4fe      0x644 ./Drivers/STM32F4xx_HAL_Driver/stm32f4xx_hal_uart.o
                              0x81644 (size before relaxing)

.debug_rnglists
                0x00000000      0xaa1
 .debug_rnglists
                0x00000000       0x19 ./Application/Startup/startup_stm32f401retx.o
 .debug_rnglists
                0x00000019       0x57 ./Application/User/app_tof.o
 .debug_rnglists
                0x00000070       0x13 ./Application/User/app_tof_pin_conf.o
 .debug_rnglists
                0x00000083       0x6e ./Application/User/custom_ranging_sensor.o
 .debug_rnglists
                0x000000f1       0x27 ./Application/User/main.o
 .debug_rnglists
                0x00000118       0x13 ./Application/User/stm32f4xx_hal_msp.o
 .debug_rnglists
                0x0000012b       0x4f ./Application/User/stm32f4xx_it.o
 .debug_rnglists
                0x0000017a       0x3e ./Application/User/stm32f4xx_nucleo.o
 .debug_rnglists
                0x000001b8       0x5c ./Application/User/stm32f4xx_nucleo_bus.o
 .debug_rnglists
                0x00000214       0x79 ./Application/User/syscalls.o
 .debug_rnglists
                0x0000028d       0x13 ./Application/User/sysmem.o
 .debug_rnglists
                0x000002a0       0x31 ./Drivers/BSP/Components/platform.o
 .debug_rnglists
                0x000002d1       0x85 ./Drivers/BSP/Components/vl53l8cx.o
 .debug_rnglists
                0x00000356       0xdd ./Drivers/BSP/Components/vl53l8cx_api.o
 .debug_rnglists
                0x00000433       0x34 ./Drivers/BSP/Components/vl53l8cx_plugin_detection_thresholds.o
 .debug_rnglists
                0x00000467       0x1a ./Drivers/CMSIS/system_stm32f4xx.o
 .debug_rnglists
                0x00000481       0xaf ./Drivers/STM32F4xx_HAL_Driver/stm32f4xx_hal.o
 .debug_rnglists
                0x00000530       0xd4 ./Drivers/STM32F4xx_HAL_Driver/stm32f4xx_hal_cortex.o
 .debug_rnglists
                0x00000604       0x3f ./Drivers/STM32F4xx_HAL_Driver/stm32f4xx_hal_gpio.o
 .debug_rnglists
                0x00000643      0x23c ./Drivers/STM32F4xx_HAL_Driver/stm32f4xx_hal_i2c.o
 .debug_rnglists
                0x0000087f       0x66 ./Drivers/STM32F4xx_HAL_Driver/stm32f4xx_hal_rcc.o
 .debug_rnglists
                0x000008e5      0x1bc ./Drivers/STM32F4xx_HAL_Driver/stm32f4xx_hal_uart.o

.debug_macro    0x00000000    0x183a1
 .debug_macro   0x00000000      0x3c1 ./Application/User/app_tof.o
 .debug_macro   0x000003c1      0xab4 ./Application/User/app_tof.o
 .debug_macro   0x00000e75      0x29b ./Application/User/app_tof.o
 .debug_macro   0x00001110       0x2e ./Application/User/app_tof.o
 .debug_macro   0x0000113e       0x28 ./Application/User/app_tof.o
 .debug_macro   0x00001166       0x22 ./Application/User/app_tof.o
 .debug_macro   0x00001188       0x8e ./Application/User/app_tof.o
 .debug_macro   0x00001216       0x51 ./Application/User/app_tof.o
 .debug_macro   0x00001267      0x103 ./Application/User/app_tof.o
 .debug_macro   0x0000136a       0x6a ./Application/User/app_tof.o